[
  "Program_LineBreak_CompleteCommands_LineBreak",
  [
    "LineBreak_Empty"
  ],
  [
    "CompleteCommands_CompleteCommands_NewlineList_CompleteCommand",
    [
      "CompleteCommands_CompleteCommands_NewlineList_CompleteCommand",
      [
        "CompleteCommands_CompleteCommand",
        [
          "CompleteCommand_CList",
          [
            "CList_AndOr",
            [
              "AndOr_Pipeline",
              [
                "Pipeline_PipeSequence",
                [
                  "PipeSequence_Command",
                  [
                    "Command_CompoundCommand",
                    [
                      "CompoundCommand_BraceGroup",
                      [
                        "BraceGroup_LBrace_CompoundList_RBrace",
                        [
                          "CompoundList_LineBreak_Term_Separator",
                          [
                            "LineBreak_Empty"
                          ],
                          [
                            "Term_AndOr",
                            [
                              "AndOr_Pipeline",
                              [
                                "Pipeline_PipeSequence",
                                [
                                  "PipeSequence_Command",
                                  [
                                    "Command_SimpleCommand",
                                    [
                                      "SimpleCommand_CmdName",
                                      [
                                        "CmdName_Word",
                                        [
                                          "Word",
                                          "a",
                                          [
                                            [
                                              "WordName",
                                              "a"
                                            ]
                                          ]
                                        ]
                                      ]
                                    ]
                                  ]
                                ]
                              ]
                            ]
                          ],
                          [
                            "Separator_SeparatorOp_LineBreak",
                            [
                              "SeparatorOp_Semicolon"
                            ],
                            [
                              "LineBreak_Empty"
                            ]
                          ]
                        ]
                      ]
                    ]
                  ]
                ]
              ]
            ]
          ]
        ]
      ],
      [
        "NewLineList_NewLine"
      ],
      [
        "CompleteCommand_CList",
        [
          "CList_AndOr",
          [
            "AndOr_Pipeline",
            [
              "Pipeline_PipeSequence",
              [
                "PipeSequence_Command",
                [
                  "Command_CompoundCommand",
                  [
                    "CompoundCommand_BraceGroup",
                    [
                      "BraceGroup_LBrace_CompoundList_RBrace",
                      [
                        "CompoundList_LineBreak_Term_Separator",
                        [
                          "LineBreak_Empty"
                        ],
                        [
                          "Term_AndOr",
                          [
                            "AndOr_Pipeline",
                            [
                              "Pipeline_PipeSequence",
                              [
                                "PipeSequence_Command",
                                [
                                  "Command_SimpleCommand",
                                  [
                                    "SimpleCommand_CmdName",
                                    [
                                      "CmdName_Word",
                                      [
                                        "Word",
                                        "a",
                                        [
                                          [
                                            "WordName",
                                            "a"
                                          ]
                                        ]
                                      ]
                                    ]
                                  ]
                                ]
                              ]
                            ]
                          ]
                        ],
                        [
                          "Separator_SeparatorOp_LineBreak",
                          [
                            "SeparatorOp_Semicolon"
                          ],
                          [
                            "LineBreak_Empty"
                          ]
                        ]
                      ]
                    ]
                  ]
                ]
              ]
            ]
          ]
        ]
      ]
    ],
    [
      "NewLineList_NewLine"
    ],
    [
      "CompleteCommand_CList",
      [
        "CList_AndOr",
        [
          "AndOr_Pipeline",
          [
            "Pipeline_PipeSequence",
            [
              "PipeSequence_Command",
              [
                "Command_CompoundCommand",
                [
                  "CompoundCommand_BraceGroup",
                  [
                    "BraceGroup_LBrace_CompoundList_RBrace",
                    [
                      "CompoundList_LineBreak_Term_Separator",
                      [
                        "LineBreak_Empty"
                      ],
                      [
                        "Term_AndOr",
                        [
                          "AndOr_Pipeline",
                          [
                            "Pipeline_PipeSequence",
                            [
                              "PipeSequence_Command",
                              [
                                "Command_SimpleCommand",
                                [
                                  "SimpleCommand_CmdName",
                                  [
                                    "CmdName_Word",
                                    [
                                      "Word",
                                      "a",
                                      [
                                        [
                                          "WordName",
                                          "a"
                                        ]
                                      ]
                                    ]
                                  ]
                                ]
                              ]
                            ]
                          ]
                        ]
                      ],
                      [
                        "Separator_NewLineList",
                        [
                          "NewLineList_NewLine"
                        ]
                      ]
                    ]
                  ]
                ]
              ]
            ]
          ]
        ]
      ]
    ]
  ],
  [
    "LineBreak_Empty"
  ]
]
