[
  "Program_LineBreak_CompleteCommands_LineBreak",
  [
    "LineBreak_Empty"
  ],
  [
    "CompleteCommands_CompleteCommand",
    [
      "CompleteCommand_CList",
      [
        "CList_AndOr",
        [
          "AndOr_Pipeline",
          [
            "Pipeline_PipeSequence",
            [
              "PipeSequence_Command",
              [
                "Command_CompoundCommand_RedirectList",
                [
                  "CompoundCommand_BraceGroup",
                  [
                    "BraceGroup_LBrace_CompoundList_RBrace",
                    [
                      "CompoundList_LineBreak_Term_Separator",
                      [
                        "LineBreak_Empty"
                      ],
                      [
                        "Term_AndOr",
                        [
                          "AndOr_Pipeline",
                          [
                            "Pipeline_PipeSequence",
                            [
                              "PipeSequence_Command",
                              [
                                "Command_SimpleCommand",
                                [
                                  "SimpleCommand_CmdName",
                                  [
                                    "CmdName_Word",
                                    [
                                      "Word",
                                      "cat",
                                      [
                                        [
                                          "WordName",
                                          "cat"
                                        ]
                                      ]
                                    ]
                                  ]
                                ]
                              ]
                            ]
                          ]
                        ]
                      ],
                      [
                        "Separator_SeparatorOp_LineBreak",
                        [
                          "SeparatorOp_Semicolon"
                        ],
                        [
                          "LineBreak_Empty"
                        ]
                      ]
                    ]
                  ]
                ],
                [
                  "RedirectList_IoRedirect",
                  [
                    "IoRedirect_IoNumber_IoHere",
                    [
                      "IONumber",
                      "9"
                    ],
                    [
                      "IoHere_DLess_HereEnd",
                      [
                        "HereEnd_Word",
                        [
                          "Word",
                          "EOF",
                          [
                            [
                              "WordName",
                              "EOF"
                            ]
                          ]
                        ]
                      ],
                      [
                        "Word",
                        "a\n",
                        [
                          [
                            "WordLiteral",
                            "a\n"
                          ]
                        ]
                      ]
                    ]
                  ]
                ]
              ]
            ]
          ]
        ]
      ]
    ]
  ],
  [
    "LineBreak_Empty"
  ]
]
