[
  [
    "CompleteCommand_CList",
    [
      "CList_AndOr",
      [
        "AndOr_Pipeline",
        [
          "Pipeline_PipeSequence",
          [
            "PipeSequence_Command",
            [
              "Command_CompoundCommand",
              [
                "CompoundCommand_ForClause",
                [
                  "ForClause_For_Name_LineBreak_In_WordList_SequentialSep_DoGroup",
                  [
                    "Name",
                    "in"
                  ],
                  [
                    "LineBreak_Empty"
                  ],
                  [
                    "WordList_WordList_Word",
                    [
                      "WordList_WordList_Word",
                      [
                        "WordList_Word",
                        [
                          "Word",
                          "in"
                        ]
                      ],
                      [
                        "Word",
                        "do"
                      ]
                    ],
                    [
                      "Word",
                      "in"
                    ]
                  ],
                  [
                    "SequentialSep_Semicolon_LineBreak",
                    [
                      "LineBreak_Empty"
                    ]
                  ],
                  [
                    "DoGroup_Do_CompoundList_Done",
                    [
                      "CompoundList_Term_Separator",
                      [
                        "Term_AndOr",
                        [
                          "AndOr_Pipeline",
                          [
                            "Pipeline_PipeSequence",
                            [
                              "PipeSequence_Command",
                              [
                                "Command_CompoundCommand",
                                [
                                  "CompoundCommand_CaseClause",
                                  [
                                    "CaseClause_Case_Word_LineBreak_In_LineBreak_CaseList_Esac",
                                    [
                                      "Word",
                                      "$in"
                                    ],
                                    [
                                      "LineBreak_Empty"
                                    ],
                                    [
                                      "LineBreak_Empty"
                                    ],
                                    [
                                      "CaseList_CaseList_CaseItem",
                                      [
                                        "CaseList_CaseItem",
                                        [
                                          "CaseItem_Pattern_Rparen_CompoundList_Dsemi_LineBreak",
                                          [
                                            "Pattern_Word",
                                            [
                                              "Word",
                                              "in"
                                            ]
                                          ],
                                          [
                                            "CompoundList_Term",
                                            [
                                              "Term_AndOr",
                                              [
                                                "AndOr_Pipeline",
                                                [
                                                  "Pipeline_PipeSequence",
                                                  [
                                                    "PipeSequence_Command",
                                                    [
                                                      "Command_SimpleCommand",
                                                      [
                                                        "SimpleCommand_CmdName_CmdSuffix",
                                                        [
                                                          "CmdName_Word",
                                                          [
                                                            "Word",
                                                            "echo"
                                                          ]
                                                        ],
                                                        [
                                                          "CmdSuffix_Word",
                                                          [
                                                            "Word",
                                                            "do"
                                                          ]
                                                        ]
                                                      ]
                                                    ]
                                                  ]
                                                ]
                                              ]
                                            ]
                                          ],
                                          [
                                            "LineBreak_Empty"
                                          ]
                                        ]
                                      ],
                                      [
                                        "CaseItem_Pattern_Rparen_CompoundList_Dsemi_LineBreak",
                                        [
                                          "Pattern_Word",
                                          [
                                            "Word",
                                            "do"
                                          ]
                                        ],
                                        [
                                          "CompoundList_Term",
                                          [
                                            "Term_AndOr",
                                            [
                                              "AndOr_Pipeline",
                                              [
                                                "Pipeline_PipeSequence",
                                                [
                                                  "PipeSequence_Command",
                                                  [
                                                    "Command_SimpleCommand",
                                                    [
                                                      "SimpleCommand_CmdName_CmdSuffix",
                                                      [
                                                        "CmdName_Word",
                                                        [
                                                          "Word",
                                                          "echo"
                                                        ]
                                                      ],
                                                      [
                                                        "CmdSuffix_Word",
                                                        [
                                                          "Word",
                                                          "in"
                                                        ]
                                                      ]
                                                    ]
                                                  ]
                                                ]
                                              ]
                                            ]
                                          ]
                                        ],
                                        [
                                          "LineBreak_Empty"
                                        ]
                                      ]
                                    ]
                                  ]
                                ]
                              ]
                            ]
                          ]
                        ]
                      ],
                      [
                        "Separator_SeparatorOp_LineBreak",
                        [
                          "SeparatorOp_Semicolon"
                        ],
                        [
                          "LineBreak_Empty"
                        ]
                      ]
                    ]
                  ]
                ]
              ]
            ]
          ]
        ]
      ]
    ]
  ]
]
