[
  "Program_LineBreak_CompleteCommands_LineBreak",
  [
    "LineBreak_Empty"
  ],
  [
    "CompleteCommands_CompleteCommands_NewlineList_CompleteCommand",
    [
      "CompleteCommands_CompleteCommands_NewlineList_CompleteCommand",
      [
        "CompleteCommands_CompleteCommand",
        [
          "CompleteCommand_CList",
          [
            "CList_AndOr",
            [
              "AndOr_Pipeline",
              [
                "Pipeline_PipeSequence",
                [
                  "PipeSequence_Command",
                  [
                    "Command_SimpleCommand",
                    [
                      "SimpleCommand_CmdName_CmdSuffix",
                      [
                        "CmdName_Word",
                        [
                          "Word",
                          "alias",
                          [
                            [
                              "WordName",
                              "alias"
                            ]
                          ]
                        ]
                      ],
                      [
                        "CmdSuffix_CmdSuffix_Word",
                        [
                          "CmdSuffix_CmdSuffix_Word",
                          [
                            "CmdSuffix_Word",
                            [
                              "Word",
                              "show=echo",
                              [
                                [
                                  "WordLiteral",
                                  "show=echo"
                                ]
                              ]
                            ]
                          ],
                          [
                            "Word",
                            "list=ls",
                            [
                              [
                                "WordLiteral",
                                "list=ls"
                              ]
                            ]
                          ]
                        ],
                        [
                          "Word",
                          "coocoo=kiki",
                          [
                            [
                              "WordLiteral",
                              "coocoo=kiki"
                            ]
                          ]
                        ]
                      ]
                    ]
                  ]
                ]
              ]
            ]
          ]
        ]
      ],
      [
        "NewLineList_NewLine"
      ],
      [
        "CompleteCommand_CList",
        [
          "CList_AndOr",
          [
            "AndOr_Pipeline",
            [
              "Pipeline_PipeSequence",
              [
                "PipeSequence_Command",
                [
                  "Command_SimpleCommand",
                  [
                    "SimpleCommand_CmdName_CmdSuffix",
                    [
                      "CmdName_Word",
                      [
                        "Word",
                        "echo",
                        [
                          [
                            "WordName",
                            "echo"
                          ]
                        ]
                      ]
                    ],
                    [
                      "CmdSuffix_Word",
                      [
                        "Word",
                        "hello",
                        [
                          [
                            "WordName",
                            "hello"
                          ]
                        ]
                      ]
                    ]
                  ]
                ]
              ]
            ]
          ]
        ]
      ]
    ],
    [
      "NewLineList_NewLine"
    ],
    [
      "CompleteCommand_CList",
      [
        "CList_AndOr",
        [
          "AndOr_Pipeline",
          [
            "Pipeline_PipeSequence",
            [
              "PipeSequence_Command",
              [
                "Command_SimpleCommand",
                [
                  "SimpleCommand_CmdName",
                  [
                    "CmdName_Word",
                    [
                      "Word",
                      "ls",
                      [
                        [
                          "WordName",
                          "ls"
                        ]
                      ]
                    ]
                  ]
                ]
              ]
            ]
          ]
        ]
      ]
    ]
  ],
  [
    "LineBreak_Empty"
  ]
]
