[
  "Program_LineBreak_CompleteCommands_LineBreak",
  [
    "LineBreak_Empty"
  ],
  [
    "CompleteCommands_CompleteCommand",
    [
      "CompleteCommand_CList",
      [
        "CList_AndOr",
        [
          "AndOr_Pipeline",
          [
            "Pipeline_PipeSequence",
            [
              "PipeSequence_Command",
              [
                "Command_CompoundCommand_RedirectList",
                [
                  "CompoundCommand_Subshell",
                  [
                    "Subshell_Lparen_CompoundList_Rparen",
                    [
                      "CompoundList_LineBreak_Term",
                      [
                        "LineBreak_Empty"
                      ],
                      [
                        "Term_AndOr",
                        [
                          "AndOr_Pipeline",
                          [
                            "Pipeline_PipeSequence",
                            [
                              "PipeSequence_Command",
                              [
                                "Command_SimpleCommand",
                                [
                                  "SimpleCommand_CmdName",
                                  [
                                    "CmdName_Word",
                                    [
                                      "Word",
                                      "echo",
                                      [
                                        [
                                          "WordName",
                                          "echo"
                                        ]
                                      ]
                                    ]
                                  ]
                                ]
                              ]
                            ]
                          ]
                        ]
                      ]
                    ]
                  ]
                ],
                [
                  "RedirectList_IoRedirect",
                  [
                    "IoRedirect_IoHere",
                    [
                      "IoHere_DLess_HereEnd",
                      [
                        "HereEnd_Word",
                        [
                          "Word",
                          "DATA",
                          [
                            [
                              "WordName",
                              "DATA"
                            ]
                          ]
                        ]
                      ],
                      [
                        "Word",
                        "blabla\n",
                        [
                          [
                            "WordLiteral",
                            "blabla\n"
                          ]
                        ]
                      ]
                    ]
                  ]
                ]
              ]
            ]
          ]
        ]
      ]
    ]
  ],
  [
    "LineBreak_Empty"
  ]
]
