[
  "Program_LineBreak_CompleteCommands_LineBreak",
  [
    "LineBreak_Empty"
  ],
  [
    "CompleteCommands_CompleteCommand",
    [
      "CompleteCommand_CList",
      [
        "CList_AndOr",
        [
          "AndOr_Pipeline",
          [
            "Pipeline_PipeSequence",
            [
              "PipeSequence_Command",
              [
                "Command_FunctionDefinition",
                [
                  "FunctionDefinition_Fname_Lparen_Rparen_LineBreak_FunctionBody",
                  [
                    "Fname_Name",
                    [
                      "Name",
                      "dump_databases"
                    ]
                  ],
                  [
                    "LineBreak_Empty"
                  ],
                  [
                    "FunctionBody_CompoundCommand",
                    [
                      "CompoundCommand_BraceGroup",
                      [
                        "BraceGroup_LBrace_CompoundList_RBrace",
                        [
                          "CompoundList_LineBreak_Term_Separator",
                          [
                            "LineBreak_NewLineList",
                            [
                              "NewLineList_NewLine"
                            ]
                          ],
                          [
                            "Term_AndOr",
                            [
                              "AndOr_Pipeline",
                              [
                                "Pipeline_PipeSequence",
                                [
                                  "PipeSequence_Command",
                                  [
                                    "Command_CompoundCommand_RedirectList",
                                    [
                                      "CompoundCommand_Subshell",
                                      [
                                        "Subshell_Lparen_CompoundList_Rparen",
                                        [
                                          "CompoundList_LineBreak_Term",
                                          [
                                            "LineBreak_Empty"
                                          ],
                                          [
                                            "Term_AndOr",
                                            [
                                              "AndOr_Pipeline",
                                              [
                                                "Pipeline_PipeSequence",
                                                [
                                                  "PipeSequence_PipeSequence_Pipe_LineBreak_Command",
                                                  [
                                                    "PipeSequence_Command",
                                                    [
                                                      "Command_SimpleCommand",
                                                      [
                                                        "SimpleCommand_CmdName",
                                                        [
                                                          "CmdName_Word",
                                                          [
                                                            "Word",
                                                            "get_suffix",
                                                            [
                                                              [
                                                                "WordName",
                                                                "get_suffix"
                                                              ]
                                                            ]
                                                          ]
                                                        ]
                                                      ]
                                                    ]
                                                  ],
                                                  [
                                                    "LineBreak_Empty"
                                                  ],
                                                  [
                                                    "Command_CompoundCommand",
                                                    [
                                                      "CompoundCommand_WhileClause",
                                                      [
                                                        "WhileClause_While_CompoundList_DoGroup",
                                                        [
                                                          "CompoundList_LineBreak_Term_Separator",
                                                          [
                                                            "LineBreak_Empty"
                                                          ],
                                                          [
                                                            "Term_AndOr",
                                                            [
                                                              "AndOr_Pipeline",
                                                              [
                                                                "Pipeline_PipeSequence",
                                                                [
                                                                  "PipeSequence_Command",
                                                                  [
                                                                    "Command_SimpleCommand",
                                                                    [
                                                                      "SimpleCommand_CmdName_CmdSuffix",
                                                                      [
                                                                        "CmdName_Word",
                                                                        [
                                                                          "Word",
                                                                          "read",
                                                                          [
                                                                            [
                                                                              "WordName",
                                                                              "read"
                                                                            ]
                                                                          ]
                                                                        ]
                                                                      ],
                                                                      [
                                                                        "CmdSuffix_Word",
                                                                        [
                                                                          "Word",
                                                                          "suffix",
                                                                          [
                                                                            [
                                                                              "WordName",
                                                                              "suffix"
                                                                            ]
                                                                          ]
                                                                        ]
                                                                      ]
                                                                    ]
                                                                  ]
                                                                ]
                                                              ]
                                                            ]
                                                          ],
                                                          [
                                                            "Separator_SeparatorOp_LineBreak",
                                                            [
                                                              "SeparatorOp_Semicolon"
                                                            ],
                                                            [
                                                              "LineBreak_Empty"
                                                            ]
                                                          ]
                                                        ],
                                                        [
                                                          "DoGroup_Do_CompoundList_Done",
                                                          [
                                                            "CompoundList_LineBreak_Term_Separator",
                                                            [
                                                              "LineBreak_NewLineList",
                                                              [
                                                                "NewLineList_NewLine"
                                                              ]
                                                            ],
                                                            [
                                                              "Term_AndOr",
                                                              [
                                                                "AndOr_Pipeline",
                                                                [
                                                                  "Pipeline_PipeSequence",
                                                                  [
                                                                    "PipeSequence_Command",
                                                                    [
                                                                      "Command_SimpleCommand",
                                                                      [
                                                                        "SimpleCommand_CmdPrefix",
                                                                        [
                                                                          "CmdPrefix_AssignmentWord",
                                                                          [
                                                                            [
                                                                              "Name",
                                                                              "dbdir"
                                                                            ],
                                                                            [
                                                                              "Word",
                                                                              "x",
                                                                              [
                                                                                [
                                                                                  "WordLiteral",
                                                                                  "x"
                                                                                ]
                                                                              ]
                                                                            ]
                                                                          ]
                                                                        ]
                                                                      ]
                                                                    ]
                                                                  ]
                                                                ]
                                                              ]
                                                            ],
                                                            [
                                                              "Separator_NewLineList",
                                                              [
                                                                "NewLineList_NewLine"
                                                              ]
                                                            ]
                                                          ]
                                                        ]
                                                      ]
                                                    ]
                                                  ]
                                                ]
                                              ]
                                            ]
                                          ]
                                        ]
                                      ]
                                    ],
                                    [
                                      "RedirectList_RedirectList_IoRedirect",
                                      [
                                        "RedirectList_IoRedirect",
                                        [
                                          "IoRedirect_IoNumber_IoFile",
                                          [
                                            "IONumber",
                                            "5"
                                          ],
                                          [
                                            "IoFile_LessAnd_FileName",
                                            [
                                              "Filename_Word",
                                              [
                                                "Word",
                                                "0",
                                                [
                                                  [
                                                    "WordLiteral",
                                                    "0"
                                                  ]
                                                ]
                                              ]
                                            ]
                                          ]
                                        ]
                                      ],
                                      [
                                        "IoRedirect_IoFile",
                                        [
                                          "IoFile_Less_FileName",
                                          [
                                            "Filename_Word",
                                            [
                                              "Word",
                                              "/dev/null",
                                              [
                                                [
                                                  "WordLiteral",
                                                  "/dev/null"
                                                ]
                                              ]
                                            ]
                                          ]
                                        ]
                                      ]
                                    ]
                                  ]
                                ]
                              ]
                            ]
                          ],
                          [
                            "Separator_NewLineList",
                            [
                              "NewLineList_NewLine"
                            ]
                          ]
                        ]
                      ]
                    ]
                  ]
                ]
              ]
            ]
          ]
        ]
      ]
    ]
  ],
  [
    "LineBreak_Empty"
  ]
]
