[
  "Program_LineBreak_CompleteCommands_LineBreak",
  [
    "LineBreak_Empty"
  ],
  [
    "CompleteCommands_CompleteCommands_NewlineList_CompleteCommand",
    [
      "CompleteCommands_CompleteCommands_NewlineList_CompleteCommand",
      [
        "CompleteCommands_CompleteCommand",
        [
          "CompleteCommand_CList",
          [
            "CList_AndOr",
            [
              "AndOr_Pipeline",
              [
                "Pipeline_PipeSequence",
                [
                  "PipeSequence_Command",
                  [
                    "Command_SimpleCommand",
                    [
                      "SimpleCommand_CmdName_CmdSuffix",
                      [
                        "CmdName_Word",
                        [
                          "Word",
                          "alias",
                          [
                            [
                              "WordName",
                              "alias"
                            ]
                          ]
                        ]
                      ],
                      [
                        "CmdSuffix_Word",
                        [
                          "Word",
                          "rename=alias",
                          [
                            [
                              "WordLiteral",
                              "rename=alias"
                            ]
                          ]
                        ]
                      ]
                    ]
                  ]
                ]
              ]
            ]
          ]
        ]
      ],
      [
        "NewLineList_NewLine"
      ],
      [
        "CompleteCommand_CList",
        [
          "CList_AndOr",
          [
            "AndOr_Pipeline",
            [
              "Pipeline_PipeSequence",
              [
                "PipeSequence_Command",
                [
                  "Command_SimpleCommand",
                  [
                    "SimpleCommand_CmdName_CmdSuffix",
                    [
                      "CmdName_Word",
                      [
                        "Word",
                        "alias",
                        [
                          [
                            "WordName",
                            "alias"
                          ]
                        ]
                      ]
                    ],
                    [
                      "CmdSuffix_Word",
                      [
                        "Word",
                        "time=date",
                        [
                          [
                            "WordLiteral",
                            "time=date"
                          ]
                        ]
                      ]
                    ]
                  ]
                ]
              ]
            ]
          ]
        ]
      ]
    ],
    [
      "NewLineList_NewLine"
    ],
    [
      "CompleteCommand_CList",
      [
        "CList_AndOr",
        [
          "AndOr_Pipeline",
          [
            "Pipeline_PipeSequence",
            [
              "PipeSequence_Command",
              [
                "Command_SimpleCommand",
                [
                  "SimpleCommand_CmdName",
                  [
                    "CmdName_Word",
                    [
                      "Word",
                      "date",
                      [
                        [
                          "WordName",
                          "date"
                        ]
                      ]
                    ]
                  ]
                ]
              ]
            ]
          ]
        ]
      ]
    ]
  ],
  [
    "LineBreak_Empty"
  ]
]
