[
  "Program_LineBreak_CompleteCommands_LineBreak",
  [
    "LineBreak_Empty"
  ],
  [
    "CompleteCommands_CompleteCommands_NewlineList_CompleteCommand",
    [
      "CompleteCommands_CompleteCommands_NewlineList_CompleteCommand",
      [
        "CompleteCommands_CompleteCommands_NewlineList_CompleteCommand",
        [
          "CompleteCommands_CompleteCommands_NewlineList_CompleteCommand",
          [
            "CompleteCommands_CompleteCommands_NewlineList_CompleteCommand",
            [
              "CompleteCommands_CompleteCommands_NewlineList_CompleteCommand",
              [
                "CompleteCommands_CompleteCommands_NewlineList_CompleteCommand",
                [
                  "CompleteCommands_CompleteCommands_NewlineList_CompleteCommand",
                  [
                    "CompleteCommands_CompleteCommands_NewlineList_CompleteCommand",
                    [
                      "CompleteCommands_CompleteCommands_NewlineList_CompleteCommand",
                      [
                        "CompleteCommands_CompleteCommands_NewlineList_CompleteCommand",
                        [
                          "CompleteCommands_CompleteCommand",
                          [
                            "CompleteCommand_CList",
                            [
                              "CList_AndOr",
                              [
                                "AndOr_Pipeline",
                                [
                                  "Pipeline_PipeSequence",
                                  [
                                    "PipeSequence_Command",
                                    [
                                      "Command_SimpleCommand",
                                      [
                                        "SimpleCommand_CmdName_CmdSuffix",
                                        [
                                          "CmdName_Word",
                                          [
                                            "Word",
                                            "echo",
                                            [
                                              [
                                                "WordName",
                                                "echo"
                                              ]
                                            ]
                                          ]
                                        ],
                                        [
                                          "CmdSuffix_Word",
                                          [
                                            "Word",
                                            "${1#;}}",
                                            [
                                              [
                                                "WordVariable",
                                                [
                                                  "VariableAtom",
                                                  "1",
                                                  [
                                                    "RemoveSmallestPrefixPattern",
                                                    [
                                                      "Word",
                                                      ";",
                                                      [
                                                        [
                                                          "WordLiteral",
                                                          ";"
                                                        ]
                                                      ]
                                                    ]
                                                  ]
                                                ]
                                              ],
                                              [
                                                "WordLiteral",
                                                "}"
                                              ]
                                            ]
                                          ]
                                        ]
                                      ]
                                    ]
                                  ]
                                ]
                              ]
                            ]
                          ]
                        ],
                        [
                          "NewLineList_NewLine"
                        ],
                        [
                          "CompleteCommand_CList",
                          [
                            "CList_AndOr",
                            [
                              "AndOr_Pipeline",
                              [
                                "Pipeline_PipeSequence",
                                [
                                  "PipeSequence_Command",
                                  [
                                    "Command_SimpleCommand",
                                    [
                                      "SimpleCommand_CmdName_CmdSuffix",
                                      [
                                        "CmdName_Word",
                                        [
                                          "Word",
                                          "echo",
                                          [
                                            [
                                              "WordName",
                                              "echo"
                                            ]
                                          ]
                                        ]
                                      ],
                                      [
                                        "CmdSuffix_Word",
                                        [
                                          "Word",
                                          "${#*}",
                                          [
                                            [
                                              "WordDoubleQuoted",
                                              [
                                                "Word",
                                                "${#*}",
                                                [
                                                  [
                                                    "WordVariable",
                                                    [
                                                      "VariableAtom",
                                                      "*",
                                                      [
                                                        "ParameterLength"
                                                      ]
                                                    ]
                                                  ]
                                                ]
                                              ]
                                            ]
                                          ]
                                        ]
                                      ]
                                    ]
                                  ]
                                ]
                              ]
                            ]
                          ]
                        ]
                      ],
                      [
                        "NewLineList_NewLine"
                      ],
                      [
                        "CompleteCommand_CList",
                        [
                          "CList_AndOr",
                          [
                            "AndOr_Pipeline",
                            [
                              "Pipeline_PipeSequence",
                              [
                                "PipeSequence_Command",
                                [
                                  "Command_SimpleCommand",
                                  [
                                    "SimpleCommand_CmdName_CmdSuffix",
                                    [
                                      "CmdName_Word",
                                      [
                                        "Word",
                                        "echo",
                                        [
                                          [
                                            "WordName",
                                            "echo"
                                          ]
                                        ]
                                      ]
                                    ],
                                    [
                                      "CmdSuffix_Word",
                                      [
                                        "Word",
                                        "${#@}",
                                        [
                                          [
                                            "WordDoubleQuoted",
                                            [
                                              "Word",
                                              "${#@}",
                                              [
                                                [
                                                  "WordVariable",
                                                  [
                                                    "VariableAtom",
                                                    "@",
                                                    [
                                                      "ParameterLength"
                                                    ]
                                                  ]
                                                ]
                                              ]
                                            ]
                                          ]
                                        ]
                                      ]
                                    ]
                                  ]
                                ]
                              ]
                            ]
                          ]
                        ]
                      ]
                    ],
                    [
                      "NewLineList_NewLine"
                    ],
                    [
                      "CompleteCommand_CList",
                      [
                        "CList_AndOr",
                        [
                          "AndOr_Pipeline",
                          [
                            "Pipeline_PipeSequence",
                            [
                              "PipeSequence_Command",
                              [
                                "Command_SimpleCommand",
                                [
                                  "SimpleCommand_CmdName_CmdSuffix",
                                  [
                                    "CmdName_Word",
                                    [
                                      "Word",
                                      "echo",
                                      [
                                        [
                                          "WordName",
                                          "echo"
                                        ]
                                      ]
                                    ]
                                  ],
                                  [
                                    "CmdSuffix_Word",
                                    [
                                      "Word",
                                      "${#foo}",
                                      [
                                        [
                                          "WordDoubleQuoted",
                                          [
                                            "Word",
                                            "${#foo}",
                                            [
                                              [
                                                "WordVariable",
                                                [
                                                  "VariableAtom",
                                                  "foo",
                                                  [
                                                    "ParameterLength"
                                                  ]
                                                ]
                                              ]
                                            ]
                                          ]
                                        ]
                                      ]
                                    ]
                                  ]
                                ]
                              ]
                            ]
                          ]
                        ]
                      ]
                    ]
                  ],
                  [
                    "NewLineList_NewLine"
                  ],
                  [
                    "CompleteCommand_CList",
                    [
                      "CList_AndOr",
                      [
                        "AndOr_Pipeline",
                        [
                          "Pipeline_PipeSequence",
                          [
                            "PipeSequence_Command",
                            [
                              "Command_SimpleCommand",
                              [
                                "SimpleCommand_CmdName_CmdSuffix",
                                [
                                  "CmdName_Word",
                                  [
                                    "Word",
                                    "echo",
                                    [
                                      [
                                        "WordName",
                                        "echo"
                                      ]
                                    ]
                                  ]
                                ],
                                [
                                  "CmdSuffix_Word",
                                  [
                                    "Word",
                                    "${1#\n\n}",
                                    [
                                      [
                                        "WordVariable",
                                        [
                                          "VariableAtom",
                                          "1",
                                          [
                                            "RemoveSmallestPrefixPattern",
                                            [
                                              "Word",
                                              "\n\n",
                                              [
                                                [
                                                  "WordDoubleQuoted",
                                                  [
                                                    "Word",
                                                    "\n\n",
                                                    [
                                                      [
                                                        "WordLiteral",
                                                        "\n\n"
                                                      ]
                                                    ]
                                                  ]
                                                ]
                                              ]
                                            ]
                                          ]
                                        ]
                                      ]
                                    ]
                                  ]
                                ]
                              ]
                            ]
                          ]
                        ]
                      ]
                    ]
                  ]
                ],
                [
                  "NewLineList_NewLine"
                ],
                [
                  "CompleteCommand_CList",
                  [
                    "CList_AndOr",
                    [
                      "AndOr_Pipeline",
                      [
                        "Pipeline_PipeSequence",
                        [
                          "PipeSequence_Command",
                          [
                            "Command_SimpleCommand",
                            [
                              "SimpleCommand_CmdName_CmdSuffix",
                              [
                                "CmdName_Word",
                                [
                                  "Word",
                                  "echo",
                                  [
                                    [
                                      "WordName",
                                      "echo"
                                    ]
                                  ]
                                ]
                              ],
                              [
                                "CmdSuffix_Word",
                                [
                                  "Word",
                                  "${1#}",
                                  [
                                    [
                                      "WordVariable",
                                      [
                                        "VariableAtom",
                                        "1",
                                        [
                                          "RemoveSmallestPrefixPattern",
                                          [
                                            "Word",
                                            "",
                                            [
                                              [
                                                "WordEmpty"
                                              ]
                                            ]
                                          ]
                                        ]
                                      ]
                                    ]
                                  ]
                                ]
                              ]
                            ]
                          ]
                        ]
                      ]
                    ]
                  ]
                ]
              ],
              [
                "NewLineList_NewLine"
              ],
              [
                "CompleteCommand_CList",
                [
                  "CList_AndOr",
                  [
                    "AndOr_Pipeline",
                    [
                      "Pipeline_PipeSequence",
                      [
                        "PipeSequence_Command",
                        [
                          "Command_SimpleCommand",
                          [
                            "SimpleCommand_CmdName_CmdSuffix",
                            [
                              "CmdName_Word",
                              [
                                "Word",
                                "echo",
                                [
                                  [
                                    "WordName",
                                    "echo"
                                  ]
                                ]
                              ]
                            ],
                            [
                              "CmdSuffix_Word",
                              [
                                "Word",
                                "${1#'}'}",
                                [
                                  [
                                    "WordVariable",
                                    [
                                      "VariableAtom",
                                      "1",
                                      [
                                        "RemoveSmallestPrefixPattern",
                                        [
                                          "Word",
                                          "'}'",
                                          [
                                            [
                                              "WordSingleQuoted",
                                              [
                                                "Word",
                                                "'}'",
                                                [
                                                  [
                                                    "WordSingleQuoted",
                                                    [
                                                      "Word",
                                                      "}",
                                                      [
                                                        [
                                                          "WordLiteral",
                                                          "}"
                                                        ]
                                                      ]
                                                    ]
                                                  ]
                                                ]
                                              ]
                                            ]
                                          ]
                                        ]
                                      ]
                                    ]
                                  ]
                                ]
                              ]
                            ]
                          ]
                        ]
                      ]
                    ]
                  ]
                ]
              ]
            ],
            [
              "NewLineList_NewLine"
            ],
            [
              "CompleteCommand_CList",
              [
                "CList_AndOr",
                [
                  "AndOr_Pipeline",
                  [
                    "Pipeline_PipeSequence",
                    [
                      "PipeSequence_Command",
                      [
                        "Command_SimpleCommand",
                        [
                          "SimpleCommand_CmdName_CmdSuffix",
                          [
                            "CmdName_Word",
                            [
                              "Word",
                              "echo",
                              [
                                [
                                  "WordName",
                                  "echo"
                                ]
                              ]
                            ]
                          ],
                          [
                            "CmdSuffix_Word",
                            [
                              "Word",
                              "${1#\"}\"}",
                              [
                                [
                                  "WordVariable",
                                  [
                                    "VariableAtom",
                                    "1",
                                    [
                                      "RemoveSmallestPrefixPattern",
                                      [
                                        "Word",
                                        "\"}\"",
                                        [
                                          [
                                            "WordDoubleQuoted",
                                            [
                                              "Word",
                                              "\"}\"",
                                              [
                                                [
                                                  "WordDoubleQuoted",
                                                  [
                                                    "Word",
                                                    "}",
                                                    [
                                                      [
                                                        "WordLiteral",
                                                        "}"
                                                      ]
                                                    ]
                                                  ]
                                                ]
                                              ]
                                            ]
                                          ]
                                        ]
                                      ]
                                    ]
                                  ]
                                ]
                              ]
                            ]
                          ]
                        ]
                      ]
                    ]
                  ]
                ]
              ]
            ]
          ],
          [
            "NewLineList_NewLine"
          ],
          [
            "CompleteCommand_CList",
            [
              "CList_AndOr",
              [
                "AndOr_Pipeline",
                [
                  "Pipeline_PipeSequence",
                  [
                    "PipeSequence_Command",
                    [
                      "Command_SimpleCommand",
                      [
                        "SimpleCommand_CmdName_CmdSuffix",
                        [
                          "CmdName_Word",
                          [
                            "Word",
                            "echo",
                            [
                              [
                                "WordName",
                                "echo"
                              ]
                            ]
                          ]
                        ],
                        [
                          "CmdSuffix_Word",
                          [
                            "Word",
                            "${1#\\}}",
                            [
                              [
                                "WordVariable",
                                [
                                  "VariableAtom",
                                  "1",
                                  [
                                    "RemoveSmallestPrefixPattern",
                                    [
                                      "Word",
                                      "\\}",
                                      [
                                        [
                                          "WordDoubleQuoted",
                                          [
                                            "Word",
                                            "\\}",
                                            [
                                              [
                                                "WordLiteral",
                                                "\\}"
                                              ]
                                            ]
                                          ]
                                        ]
                                      ]
                                    ]
                                  ]
                                ]
                              ]
                            ]
                          ]
                        ]
                      ]
                    ]
                  ]
                ]
              ]
            ]
          ]
        ],
        [
          "NewLineList_NewLine"
        ],
        [
          "CompleteCommand_CList",
          [
            "CList_AndOr",
            [
              "AndOr_Pipeline",
              [
                "Pipeline_PipeSequence",
                [
                  "PipeSequence_Command",
                  [
                    "Command_SimpleCommand",
                    [
                      "SimpleCommand_CmdName_CmdSuffix",
                      [
                        "CmdName_Word",
                        [
                          "Word",
                          "echo",
                          [
                            [
                              "WordName",
                              "echo"
                            ]
                          ]
                        ]
                      ],
                      [
                        "CmdSuffix_Word",
                        [
                          "Word",
                          "${1#\"foo}\"}",
                          [
                            [
                              "WordVariable",
                              [
                                "VariableAtom",
                                "1",
                                [
                                  "RemoveSmallestPrefixPattern",
                                  [
                                    "Word",
                                    "\"foo}\"",
                                    [
                                      [
                                        "WordDoubleQuoted",
                                        [
                                          "Word",
                                          "\"foo}\"",
                                          [
                                            [
                                              "WordDoubleQuoted",
                                              [
                                                "Word",
                                                "foo}",
                                                [
                                                  [
                                                    "WordLiteral",
                                                    "foo}"
                                                  ]
                                                ]
                                              ]
                                            ]
                                          ]
                                        ]
                                      ]
                                    ]
                                  ]
                                ]
                              ]
                            ]
                          ]
                        ]
                      ]
                    ]
                  ]
                ]
              ]
            ]
          ]
        ]
      ],
      [
        "NewLineList_NewLine"
      ],
      [
        "CompleteCommand_CList",
        [
          "CList_AndOr",
          [
            "AndOr_Pipeline",
            [
              "Pipeline_PipeSequence",
              [
                "PipeSequence_Command",
                [
                  "Command_SimpleCommand",
                  [
                    "SimpleCommand_CmdName_CmdSuffix",
                    [
                      "CmdName_Word",
                      [
                        "Word",
                        "echo",
                        [
                          [
                            "WordName",
                            "echo"
                          ]
                        ]
                      ]
                    ],
                    [
                      "CmdSuffix_Word",
                      [
                        "Word",
                        "${1#for}",
                        [
                          [
                            "WordVariable",
                            [
                              "VariableAtom",
                              "1",
                              [
                                "RemoveSmallestPrefixPattern",
                                [
                                  "Word",
                                  "for",
                                  [
                                    [
                                      "WordDoubleQuoted",
                                      [
                                        "Word",
                                        "for",
                                        [
                                          [
                                            "WordLiteral",
                                            "for"
                                          ]
                                        ]
                                      ]
                                    ]
                                  ]
                                ]
                              ]
                            ]
                          ]
                        ]
                      ]
                    ]
                  ]
                ]
              ]
            ]
          ]
        ]
      ]
    ],
    [
      "NewLineList_NewLine"
    ],
    [
      "CompleteCommand_CList",
      [
        "CList_AndOr",
        [
          "AndOr_Pipeline",
          [
            "Pipeline_PipeSequence",
            [
              "PipeSequence_Command",
              [
                "Command_SimpleCommand",
                [
                  "SimpleCommand_CmdName_CmdSuffix",
                  [
                    "CmdName_Word",
                    [
                      "Word",
                      "echo",
                      [
                        [
                          "WordName",
                          "echo"
                        ]
                      ]
                    ]
                  ],
                  [
                    "CmdSuffix_Word",
                    [
                      "Word",
                      "${1#0>}}",
                      [
                        [
                          "WordVariable",
                          [
                            "VariableAtom",
                            "1",
                            [
                              "RemoveSmallestPrefixPattern",
                              [
                                "Word",
                                "0>",
                                [
                                  [
                                    "WordLiteral",
                                    "0"
                                  ],
                                  [
                                    "WordLiteral",
                                    ">"
                                  ]
                                ]
                              ]
                            ]
                          ]
                        ],
                        [
                          "WordLiteral",
                          "}"
                        ]
                      ]
                    ]
                  ]
                ]
              ]
            ]
          ]
        ]
      ]
    ]
  ],
  [
    "LineBreak_Empty"
  ]
]
