[
  "Program_LineBreak_CompleteCommands_LineBreak",
  [
    "LineBreak_Empty"
  ],
  [
    "CompleteCommands_CompleteCommand",
    [
      "CompleteCommand_CList",
      [
        "CList_AndOr",
        [
          "AndOr_Pipeline",
          [
            "Pipeline_PipeSequence",
            [
              "PipeSequence_Command",
              [
                "Command_SimpleCommand",
                [
                  "SimpleCommand_CmdName_CmdSuffix",
                  [
                    "CmdName_Word",
                    [
                      "Word",
                      "cat",
                      [
                        [
                          "WordName",
                          "cat"
                        ]
                      ]
                    ]
                  ],
                  [
                    "CmdSuffix_CmdSuffix_IoRedirect",
                    [
                      "CmdSuffix_IoRedirect",
                      [
                        "IoRedirect_IoFile",
                        [
                          "IoFile_Great_FileName",
                          [
                            "Filename_Word",
                            [
                              "Word",
                              "/etc/group",
                              [
                                [
                                  "WordLiteral",
                                  "/etc/group"
                                ]
                              ]
                            ]
                          ]
                        ]
                      ]
                    ],
                    [
                      "IoRedirect_IoHere",
                      [
                        "IoHere_DLess_HereEnd",
                        [
                          "HereEnd_Word",
                          [
                            "Word",
                            "EOF",
                            [
                              [
                                "WordName",
                                "EOF"
                              ]
                            ]
                          ]
                        ],
                        [
                          "Word",
                          "coocoo\n",
                          [
                            [
                              "WordLiteral",
                              "coocoo\n"
                            ]
                          ]
                        ]
                      ]
                    ]
                  ]
                ]
              ]
            ]
          ]
        ]
      ]
    ]
  ],
  [
    "LineBreak_Empty"
  ]
]
