[
  "Program_LineBreak_CompleteCommands_LineBreak",
  [
    "LineBreak_Empty"
  ],
  [
    "CompleteCommands_CompleteCommands_NewlineList_CompleteCommand",
    [
      "CompleteCommands_CompleteCommands_NewlineList_CompleteCommand",
      [
        "CompleteCommands_CompleteCommands_NewlineList_CompleteCommand",
        [
          "CompleteCommands_CompleteCommands_NewlineList_CompleteCommand",
          [
            "CompleteCommands_CompleteCommand",
            [
              "CompleteCommand_CList",
              [
                "CList_AndOr",
                [
                  "AndOr_Pipeline",
                  [
                    "Pipeline_PipeSequence",
                    [
                      "PipeSequence_Command",
                      [
                        "Command_SimpleCommand",
                        [
                          "SimpleCommand_CmdName_CmdSuffix",
                          [
                            "CmdName_Word",
                            [
                              "Word",
                              "echo",
                              [
                                [
                                  "WordName",
                                  "echo"
                                ]
                              ]
                            ]
                          ],
                          [
                            "CmdSuffix_IoRedirect",
                            [
                              "IoRedirect_IoFile",
                              [
                                "IoFile_DGreat_FileName",
                                [
                                  "Filename_Word",
                                  [
                                    "Word",
                                    "word",
                                    [
                                      [
                                        "WordName",
                                        "word"
                                      ]
                                    ]
                                  ]
                                ]
                              ]
                            ]
                          ]
                        ]
                      ]
                    ]
                  ]
                ]
              ]
            ]
          ],
          [
            "NewLineList_NewLine"
          ],
          [
            "CompleteCommand_CList",
            [
              "CList_AndOr",
              [
                "AndOr_Pipeline",
                [
                  "Pipeline_PipeSequence",
                  [
                    "PipeSequence_Command",
                    [
                      "Command_SimpleCommand",
                      [
                        "SimpleCommand_CmdName_CmdSuffix",
                        [
                          "CmdName_Word",
                          [
                            "Word",
                            "echo",
                            [
                              [
                                "WordName",
                                "echo"
                              ]
                            ]
                          ]
                        ],
                        [
                          "CmdSuffix_IoRedirect",
                          [
                            "IoRedirect_IoNumber_IoFile",
                            [
                              "IONumber",
                              "2"
                            ],
                            [
                              "IoFile_DGreat_FileName",
                              [
                                "Filename_Word",
                                [
                                  "Word",
                                  "word",
                                  [
                                    [
                                      "WordName",
                                      "word"
                                    ]
                                  ]
                                ]
                              ]
                            ]
                          ]
                        ]
                      ]
                    ]
                  ]
                ]
              ]
            ]
          ]
        ],
        [
          "NewLineList_NewLine"
        ],
        [
          "CompleteCommand_CList",
          [
            "CList_AndOr",
            [
              "AndOr_Pipeline",
              [
                "Pipeline_PipeSequence",
                [
                  "PipeSequence_Command",
                  [
                    "Command_SimpleCommand",
                    [
                      "SimpleCommand_CmdName_CmdSuffix",
                      [
                        "CmdName_Word",
                        [
                          "Word",
                          "echo",
                          [
                            [
                              "WordName",
                              "echo"
                            ]
                          ]
                        ]
                      ],
                      [
                        "CmdSuffix_CmdSuffix_IoRedirect",
                        [
                          "CmdSuffix_Word",
                          [
                            "Word",
                            "3",
                            [
                              [
                                "WordLiteral",
                                "3"
                              ]
                            ]
                          ]
                        ],
                        [
                          "IoRedirect_IoFile",
                          [
                            "IoFile_DGreat_FileName",
                            [
                              "Filename_Word",
                              [
                                "Word",
                                "word",
                                [
                                  [
                                    "WordName",
                                    "word"
                                  ]
                                ]
                              ]
                            ]
                          ]
                        ]
                      ]
                    ]
                  ]
                ]
              ]
            ]
          ]
        ]
      ],
      [
        "NewLineList_NewLine"
      ],
      [
        "CompleteCommand_CList",
        [
          "CList_AndOr",
          [
            "AndOr_Pipeline",
            [
              "Pipeline_PipeSequence",
              [
                "PipeSequence_Command",
                [
                  "Command_SimpleCommand",
                  [
                    "SimpleCommand_CmdName_CmdSuffix",
                    [
                      "CmdName_Word",
                      [
                        "Word",
                        "echo",
                        [
                          [
                            "WordName",
                            "echo"
                          ]
                        ]
                      ]
                    ],
                    [
                      "CmdSuffix_IoRedirect",
                      [
                        "IoRedirect_IoNumber_IoFile",
                        [
                          "IONumber",
                          "4"
                        ],
                        [
                          "IoFile_DGreat_FileName",
                          [
                            "Filename_Word",
                            [
                              "Word",
                              "word",
                              [
                                [
                                  "WordName",
                                  "word"
                                ]
                              ]
                            ]
                          ]
                        ]
                      ]
                    ]
                  ]
                ]
              ]
            ]
          ]
        ]
      ]
    ],
    [
      "NewLineList_NewLine"
    ],
    [
      "CompleteCommand_CList",
      [
        "CList_AndOr",
        [
          "AndOr_Pipeline",
          [
            "Pipeline_PipeSequence",
            [
              "PipeSequence_Command",
              [
                "Command_SimpleCommand",
                [
                  "SimpleCommand_CmdName_CmdSuffix",
                  [
                    "CmdName_Word",
                    [
                      "Word",
                      "echo",
                      [
                        [
                          "WordName",
                          "echo"
                        ]
                      ]
                    ]
                  ],
                  [
                    "CmdSuffix_CmdSuffix_IoRedirect",
                    [
                      "CmdSuffix_Word",
                      [
                        "Word",
                        "5",
                        [
                          [
                            "WordLiteral",
                            "5"
                          ]
                        ]
                      ]
                    ],
                    [
                      "IoRedirect_IoFile",
                      [
                        "IoFile_DGreat_FileName",
                        [
                          "Filename_Word",
                          [
                            "Word",
                            "word",
                            [
                              [
                                "WordName",
                                "word"
                              ]
                            ]
                          ]
                        ]
                      ]
                    ]
                  ]
                ]
              ]
            ]
          ]
        ]
      ]
    ]
  ],
  [
    "LineBreak_Empty"
  ]
]
