[
  "Program_LineBreak_CompleteCommands_LineBreak",
  [
    "LineBreak_Empty"
  ],
  [
    "CompleteCommands_CompleteCommands_NewlineList_CompleteCommand",
    [
      "CompleteCommands_CompleteCommand",
      [
        "CompleteCommand_CList",
        [
          "CList_AndOr",
          [
            "AndOr_Pipeline",
            [
              "Pipeline_PipeSequence",
              [
                "PipeSequence_Command",
                [
                  "Command_SimpleCommand",
                  [
                    "SimpleCommand_CmdName_CmdSuffix",
                    [
                      "CmdName_Word",
                      [
                        "Word",
                        "cat",
                        [
                          [
                            "WordName",
                            "cat"
                          ]
                        ]
                      ]
                    ],
                    [
                      "CmdSuffix_CmdSuffix_IoRedirect",
                      [
                        "CmdSuffix_IoRedirect",
                        [
                          "IoRedirect_IoFile",
                          [
                            "IoFile_Great_FileName",
                            [
                              "Filename_Word",
                              [
                                "Word",
                                "/etc/ca-certificates.conf",
                                [
                                  [
                                    "WordLiteral",
                                    "/etc/ca-certificates.conf"
                                  ]
                                ]
                              ]
                            ]
                          ]
                        ]
                      ],
                      [
                        "IoRedirect_IoHere",
                        [
                          "IoHere_DLess_HereEnd",
                          [
                            "HereEnd_Word",
                            [
                              "Word",
                              "EOF",
                              [
                                [
                                  "WordName",
                                  "EOF"
                                ]
                              ]
                            ]
                          ],
                          [
                            "Word",
                            "# This file lists certificates that you wish to use or to ignore to be\n",
                            [
                              [
                                "WordLiteral",
                                "# This file lists certificates that you wish to use or to ignore to be\n"
                              ]
                            ]
                          ]
                        ]
                      ]
                    ]
                  ]
                ]
              ]
            ]
          ]
        ]
      ]
    ],
    [
      "NewLineList_NewLine"
    ],
    [
      "CompleteCommand_CList",
      [
        "CList_AndOr",
        [
          "AndOr_Pipeline",
          [
            "Pipeline_PipeSequence",
            [
              "PipeSequence_Command",
              [
                "Command_CompoundCommand_RedirectList",
                [
                  "CompoundCommand_Subshell",
                  [
                    "Subshell_Lparen_CompoundList_Rparen",
                    [
                      "CompoundList_LineBreak_Term",
                      [
                        "LineBreak_Empty"
                      ],
                      [
                        "Term_AndOr",
                        [
                          "AndOr_Pipeline",
                          [
                            "Pipeline_PipeSequence",
                            [
                              "PipeSequence_Command",
                              [
                                "Command_SimpleCommand",
                                [
                                  "SimpleCommand_CmdName_CmdSuffix",
                                  [
                                    "CmdName_Word",
                                    [
                                      "Word",
                                      "echo",
                                      [
                                        [
                                          "WordName",
                                          "echo"
                                        ]
                                      ]
                                    ]
                                  ],
                                  [
                                    "CmdSuffix_Word",
                                    [
                                      "Word",
                                      "$CERTS_ENABLED",
                                      [
                                        [
                                          "WordVariable",
                                          [
                                            "VariableAtom",
                                            "CERTS_ENABLED",
                                            [
                                              "NoAttribute"
                                            ]
                                          ]
                                        ]
                                      ]
                                    ]
                                  ]
                                ]
                              ]
                            ]
                          ]
                        ]
                      ]
                    ]
                  ]
                ],
                [
                  "RedirectList_IoRedirect",
                  [
                    "IoRedirect_IoFile",
                    [
                      "IoFile_DGreat_FileName",
                      [
                        "Filename_Word",
                        [
                          "Word",
                          "/etc/ca-certificates.conf",
                          [
                            [
                              "WordLiteral",
                              "/etc/ca-certificates.conf"
                            ]
                          ]
                        ]
                      ]
                    ]
                  ]
                ]
              ]
            ]
          ]
        ]
      ]
    ]
  ],
  [
    "LineBreak_Empty"
  ]
]
