[
  "Program_LineBreak_CompleteCommands_LineBreak",
  [ "LineBreak_Empty" ],
  [
    "CompleteCommands_CompleteCommands_NewlineList_CompleteCommand",
    [
      "CompleteCommands_CompleteCommands_NewlineList_CompleteCommand",
      [
        "CompleteCommands_CompleteCommands_NewlineList_CompleteCommand",
        [
          "CompleteCommands_CompleteCommands_NewlineList_CompleteCommand",
          [
            "CompleteCommands_CompleteCommands_NewlineList_CompleteCommand",
            [
              "CompleteCommands_CompleteCommand",
              [
                "CompleteCommand_CList",
                [
                  "CList_AndOr",
                  [
                    "AndOr_Pipeline",
                    [
                      "Pipeline_PipeSequence",
                      [
                        "PipeSequence_Command",
                        [
                          "Command_SimpleCommand",
                          [
                            "SimpleCommand_CmdName",
                            [
                              "CmdName_Word",
                              [
                                "Word",
                                "a'='b",
                                [
                                  [ "WordLiteral", "a" ],
                                  [
                                    "WordSingleQuoted",
                                    [
                                      "Word",
                                      "=",
                                      [ [ "WordLiteral", "=" ] ]
                                    ]
                                  ],
                                  [ "WordLiteral", "b" ]
                                ]
                              ]
                            ]
                          ]
                        ]
                      ]
                    ]
                  ]
                ]
              ]
            ],
            [ "NewLineList_NewLine" ],
            [
              "CompleteCommand_CList",
              [
                "CList_AndOr",
                [
                  "AndOr_Pipeline",
                  [
                    "Pipeline_PipeSequence",
                    [
                      "PipeSequence_Command",
                      [
                        "Command_SimpleCommand",
                        [
                          "SimpleCommand_CmdName",
                          [
                            "CmdName_Word",
                            [
                              "Word",
                              "a\"=\"b",
                              [
                                [ "WordLiteral", "a" ],
                                [
                                  "WordDoubleQuoted",
                                  [ "Word", "=", [ [ "WordLiteral", "=" ] ] ]
                                ],
                                [ "WordLiteral", "b" ]
                              ]
                            ]
                          ]
                        ]
                      ]
                    ]
                  ]
                ]
              ]
            ]
          ],
          [ "NewLineList_NewLine" ],
          [
            "CompleteCommand_CList",
            [
              "CList_AndOr",
              [
                "AndOr_Pipeline",
                [
                  "Pipeline_PipeSequence",
                  [
                    "PipeSequence_Command",
                    [
                      "Command_SimpleCommand",
                      [
                        "SimpleCommand_CmdName",
                        [
                          "CmdName_Word",
                          [
                            "Word",
                            "a$(=)b",
                            [
                              [ "WordLiteral", "a" ],
                              [
                                "WordSubshell",
                                [ "SubShellKindParentheses" ],
                                [
                                  "Program_LineBreak_CompleteCommands_LineBreak",
                                  [ "LineBreak_Empty" ],
                                  [
                                    "CompleteCommands_CompleteCommand",
                                    [
                                      "CompleteCommand_CList",
                                      [
                                        "CList_AndOr",
                                        [
                                          "AndOr_Pipeline",
                                          [
                                            "Pipeline_PipeSequence",
                                            [
                                              "PipeSequence_Command",
                                              [
                                                "Command_SimpleCommand",
                                                [
                                                  "SimpleCommand_CmdName",
                                                  [
                                                    "CmdName_Word",
                                                    [
                                                      "Word",
                                                      "=",
                                                      [
                                                        [
                                                          "WordLiteral", "="
                                                        ]
                                                      ]
                                                    ]
                                                  ]
                                                ]
                                              ]
                                            ]
                                          ]
                                        ]
                                      ]
                                    ]
                                  ],
                                  [ "LineBreak_Empty" ]
                                ]
                              ],
                              [ "WordLiteral", "b" ]
                            ]
                          ]
                        ]
                      ]
                    ]
                  ]
                ]
              ]
            ]
          ]
        ],
        [ "NewLineList_NewLine" ],
        [
          "CompleteCommand_CList",
          [
            "CList_AndOr",
            [
              "AndOr_Pipeline",
              [
                "Pipeline_PipeSequence",
                [
                  "PipeSequence_Command",
                  [
                    "Command_SimpleCommand",
                    [
                      "SimpleCommand_CmdName",
                      [
                        "CmdName_Word",
                        [
                          "Word",
                          "a`=`b",
                          [
                            [ "WordLiteral", "a" ],
                            [
                              "WordSubshell",
                              [ "SubShellKindBackQuote" ],
                              [
                                "Program_LineBreak_CompleteCommands_LineBreak",
                                [ "LineBreak_Empty" ],
                                [
                                  "CompleteCommands_CompleteCommand",
                                  [
                                    "CompleteCommand_CList",
                                    [
                                      "CList_AndOr",
                                      [
                                        "AndOr_Pipeline",
                                        [
                                          "Pipeline_PipeSequence",
                                          [
                                            "PipeSequence_Command",
                                            [
                                              "Command_SimpleCommand",
                                              [
                                                "SimpleCommand_CmdName",
                                                [
                                                  "CmdName_Word",
                                                  [
                                                    "Word",
                                                    "=",
                                                    [
                                                      [ "WordLiteral", "=" ]
                                                    ]
                                                  ]
                                                ]
                                              ]
                                            ]
                                          ]
                                        ]
                                      ]
                                    ]
                                  ]
                                ],
                                [ "LineBreak_Empty" ]
                              ]
                            ],
                            [ "WordLiteral", "b" ]
                          ]
                        ]
                      ]
                    ]
                  ]
                ]
              ]
            ]
          ]
        ]
      ],
      [ "NewLineList_NewLine" ],
      [
        "CompleteCommand_CList",
        [
          "CList_AndOr",
          [
            "AndOr_Pipeline",
            [
              "Pipeline_PipeSequence",
              [
                "PipeSequence_Command",
                [
                  "Command_SimpleCommand",
                  [
                    "SimpleCommand_CmdName",
                    [
                      "CmdName_Word",
                      [
                        "Word",
                        "a$((=))b",
                        [
                          [ "WordLiteral", "a" ],
                          [
                            "WordArith",
                            [ "Word", "=", [ [ "WordLiteral", "=" ] ] ]
                          ],
                          [ "WordLiteral", "b" ]
                        ]
                      ]
                    ]
                  ]
                ]
              ]
            ]
          ]
        ]
      ]
    ],
    [ "NewLineList_NewLine" ],
    [
      "CompleteCommand_CList",
      [
        "CList_AndOr",
        [
          "AndOr_Pipeline",
          [
            "Pipeline_PipeSequence",
            [
              "PipeSequence_Command",
              [
                "Command_SimpleCommand",
                [
                  "SimpleCommand_CmdPrefix",
                  [
                    "CmdPrefix_AssignmentWord",
                    [
                      [ "Name", "a" ],
                      [ "Word", "b", [ [ "WordLiteral", "b" ] ] ]
                    ]
                  ]
                ]
              ]
            ]
          ]
        ]
      ]
    ]
  ],
  [ "LineBreak_Empty" ]
]