[
  "Program_LineBreak_CompleteCommands_LineBreak",
  [
    "LineBreak_Empty"
  ],
  [
    "CompleteCommands_CompleteCommand",
    [
      "CompleteCommand_CList",
      [
        "CList_AndOr",
        [
          "AndOr_Pipeline",
          [
            "Pipeline_PipeSequence",
            [
              "PipeSequence_Command",
              [
                "Command_SimpleCommand",
                [
                  "SimpleCommand_CmdName_CmdSuffix",
                  [
                    "CmdName_Word",
                    [
                      "Word",
                      "cat",
                      [
                        [
                          "WordName",
                          "cat"
                        ]
                      ]
                    ]
                  ],
                  [
                    "CmdSuffix_IoRedirect",
                    [
                      "IoRedirect_IoHere",
                      [
                        "IoHere_DLess_HereEnd",
                        [
                          "HereEnd_Word",
                          [
                            "Word",
                            "$something",
                            [
                              [
                                "WordVariable",
                                [
                                  "VariableAtom",
                                  "something",
                                  [
                                    "NoAttribute"
                                  ]
                                ]
                              ]
                            ]
                          ]
                        ],
                        [
                          "Word",
                          "abc\n",
                          [
                            [
                              "WordLiteral",
                              "abc\n"
                            ]
                          ]
                        ]
                      ]
                    ]
                  ]
                ]
              ]
            ]
          ]
        ]
      ]
    ]
  ],
  [
    "LineBreak_Empty"
  ]
]
