[
  "Program_LineBreak_CompleteCommands_LineBreak",
  [
    "LineBreak_Empty"
  ],
  [
    "CompleteCommands_CompleteCommands_NewlineList_CompleteCommand",
    [
      "CompleteCommands_CompleteCommands_NewlineList_CompleteCommand",
      [
        "CompleteCommands_CompleteCommands_NewlineList_CompleteCommand",
        [
          "CompleteCommands_CompleteCommand",
          [
            "CompleteCommand_CList",
            [
              "CList_AndOr",
              [
                "AndOr_Pipeline",
                [
                  "Pipeline_PipeSequence",
                  [
                    "PipeSequence_Command",
                    [
                      "Command_SimpleCommand",
                      [
                        "SimpleCommand_CmdName_CmdSuffix",
                        [
                          "CmdName_Word",
                          [
                            "Word",
                            "alias",
                            [
                              [
                                "WordName",
                                "alias"
                              ]
                            ]
                          ]
                        ],
                        [
                          "CmdSuffix_Word",
                          [
                            "Word",
                            "foo='ls -l'",
                            [
                              [
                                "WordAssignmentWord",
                                [
                                  [
                                    "Name",
                                    "foo"
                                  ],
                                  [
                                    "Word",
                                    "'ls -l'",
                                    [
                                      [
                                        "WordSingleQuoted",
                                        [
                                          "Word",
                                          "ls -l",
                                          [
                                            [
                                              "WordLiteral",
                                              "ls -l"
                                            ]
                                          ]
                                        ]
                                      ]
                                    ]
                                  ]
                                ]
                              ]
                            ]
                          ]
                        ]
                      ]
                    ]
                  ]
                ]
              ]
            ]
          ]
        ],
        [
          "NewLineList_NewLine"
        ],
        [
          "CompleteCommand_CList",
          [
            "CList_AndOr",
            [
              "AndOr_Pipeline",
              [
                "Pipeline_PipeSequence",
                [
                  "PipeSequence_Command",
                  [
                    "Command_SimpleCommand",
                    [
                      "SimpleCommand_CmdName_CmdSuffix",
                      [
                        "CmdName_Word",
                        [
                          "Word",
                          "'ls -l'",
                          [
                            [
                              "WordLiteral",
                              "'ls -l'"
                            ]
                          ]
                        ]
                      ],
                      [
                        "CmdSuffix_Word",
                        [
                          "Word",
                          ".",
                          [
                            [
                              "WordLiteral",
                              "."
                            ]
                          ]
                        ]
                      ]
                    ]
                  ]
                ]
              ]
            ]
          ]
        ]
      ],
      [
        "NewLineList_NewLine"
      ],
      [
        "CompleteCommand_CList",
        [
          "CList_AndOr",
          [
            "AndOr_Pipeline",
            [
              "Pipeline_PipeSequence",
              [
                "PipeSequence_Command",
                [
                  "Command_SimpleCommand",
                  [
                    "SimpleCommand_CmdName_CmdSuffix",
                    [
                      "CmdName_Word",
                      [
                        "Word",
                        "unalias",
                        [
                          [
                            "WordName",
                            "unalias"
                          ]
                        ]
                      ]
                    ],
                    [
                      "CmdSuffix_Word",
                      [
                        "Word",
                        "'ls -l'",
                        [
                          [
                            "WordLiteral",
                            "'ls -l'"
                          ]
                        ]
                      ]
                    ]
                  ]
                ]
              ]
            ]
          ]
        ]
      ]
    ],
    [
      "NewLineList_NewLine"
    ],
    [
      "CompleteCommand_CList",
      [
        "CList_AndOr",
        [
          "AndOr_AndOr_OrIf_LineBreak_Pipeline",
          [
            "AndOr_Pipeline",
            [
              "Pipeline_PipeSequence",
              [
                "PipeSequence_Command",
                [
                  "Command_SimpleCommand",
                  [
                    "SimpleCommand_CmdName_CmdSuffix",
                    [
                      "CmdName_Word",
                      [
                        "Word",
                        "'ls -l'",
                        [
                          [
                            "WordLiteral",
                            "'ls -l'"
                          ]
                        ]
                      ]
                    ],
                    [
                      "CmdSuffix_Word",
                      [
                        "Word",
                        ".",
                        [
                          [
                            "WordLiteral",
                            "."
                          ]
                        ]
                      ]
                    ]
                  ]
                ]
              ]
            ]
          ],
          [
            "LineBreak_Empty"
          ],
          [
            "Pipeline_PipeSequence",
            [
              "PipeSequence_Command",
              [
                "Command_SimpleCommand",
                [
                  "SimpleCommand_CmdName_CmdSuffix",
                  [
                    "CmdName_Word",
                    [
                      "Word",
                      "echo",
                      [
                        [
                          "WordName",
                          "echo"
                        ]
                      ]
                    ]
                  ],
                  [
                    "CmdSuffix_Word",
                    [
                      "Word",
                      "'failed as expected'",
                      [
                        [
                          "WordSingleQuoted",
                          [
                            "Word",
                            "failed as expected",
                            [
                              [
                                "WordLiteral",
                                "failed as expected"
                              ]
                            ]
                          ]
                        ]
                      ]
                    ]
                  ]
                ]
              ]
            ]
          ]
        ]
      ]
    ]
  ],
  [
    "LineBreak_Empty"
  ]
]
