[
  "Program_LineBreak_CompleteCommands_LineBreak",
  [
    "LineBreak_Empty"
  ],
  [
    "CompleteCommands_CompleteCommand",
    [
      "CompleteCommand_CList",
      [
        "CList_AndOr",
        [
          "AndOr_Pipeline",
          [
            "Pipeline_PipeSequence",
            [
              "PipeSequence_Command",
              [
                "Command_FunctionDefinition",
                [
                  "FunctionDefinition_Fname_Lparen_Rparen_LineBreak_FunctionBody",
                  [
                    "Fname_Name",
                    [
                      "Name",
                      "f"
                    ]
                  ],
                  [
                    "LineBreak_NewLineList",
                    [
                      "NewLineList_NewLine"
                    ]
                  ],
                  [
                    "FunctionBody_CompoundCommand",
                    [
                      "CompoundCommand_BraceGroup",
                      [
                        "BraceGroup_LBrace_CompoundList_RBrace",
                        [
                          "CompoundList_LineBreak_Term_Separator",
                          [
                            "LineBreak_NewLineList",
                            [
                              "NewLineList_NewLine"
                            ]
                          ],
                          [
                            "Term_AndOr",
                            [
                              "AndOr_Pipeline",
                              [
                                "Pipeline_PipeSequence",
                                [
                                  "PipeSequence_Command",
                                  [
                                    "Command_SimpleCommand",
                                    [
                                      "SimpleCommand_CmdPrefix",
                                      [
                                        "CmdPrefix_AssignmentWord",
                                        [
                                          [
                                            "Name",
                                            "tempdir"
                                          ],
                                          [
                                            "Word",
                                            "`mktemp --directory --suffix=.aptlc`",
                                            [
                                              [
                                                "WordSubshell",
                                                [
                                                  "SubShellKindBackQuote"
                                                ],
                                                [
                                                  "Program_LineBreak_CompleteCommands_LineBreak",
                                                  [
                                                    "LineBreak_Empty"
                                                  ],
                                                  [
                                                    "CompleteCommands_CompleteCommand",
                                                    [
                                                      "CompleteCommand_CList",
                                                      [
                                                        "CList_AndOr",
                                                        [
                                                          "AndOr_Pipeline",
                                                          [
                                                            "Pipeline_PipeSequence",
                                                            [
                                                              "PipeSequence_Command",
                                                              [
                                                                "Command_SimpleCommand",
                                                                [
                                                                  "SimpleCommand_CmdName_CmdSuffix",
                                                                  [
                                                                    "CmdName_Word",
                                                                    [
                                                                      "Word",
                                                                      "mktemp",
                                                                      [
                                                                        [
                                                                          "WordName",
                                                                          "mktemp"
                                                                        ]
                                                                      ]
                                                                    ]
                                                                  ],
                                                                  [
                                                                    "CmdSuffix_CmdSuffix_Word",
                                                                    [
                                                                      "CmdSuffix_Word",
                                                                      [
                                                                        "Word",
                                                                        "--directory",
                                                                        [
                                                                          [
                                                                            "WordLiteral",
                                                                            "--directory"
                                                                          ]
                                                                        ]
                                                                      ]
                                                                    ],
                                                                    [
                                                                      "Word",
                                                                      "--suffix=.aptlc",
                                                                      [
                                                                        [
                                                                          "WordLiteral",
                                                                          "--suffix=.aptlc"
                                                                        ]
                                                                      ]
                                                                    ]
                                                                  ]
                                                                ]
                                                              ]
                                                            ]
                                                          ]
                                                        ]
                                                      ]
                                                    ]
                                                  ],
                                                  [
                                                    "LineBreak_Empty"
                                                  ]
                                                ]
                                              ]
                                            ]
                                          ]
                                        ]
                                      ]
                                    ]
                                  ]
                                ]
                              ]
                            ]
                          ],
                          [
                            "Separator_NewLineList",
                            [
                              "NewLineList_NewLine"
                            ]
                          ]
                        ]
                      ]
                    ]
                  ]
                ]
              ]
            ]
          ]
        ]
      ]
    ]
  ],
  [
    "LineBreak_Empty"
  ]
]
