[
  "Program_LineBreak_CompleteCommands_LineBreak",
  [
    "LineBreak_Empty"
  ],
  [
    "CompleteCommands_CompleteCommand",
    [
      "CompleteCommand_CList",
      [
        "CList_AndOr",
        [
          "AndOr_Pipeline",
          [
            "Pipeline_PipeSequence",
            [
              "PipeSequence_Command",
              [
                "Command_SimpleCommand",
                [
                  "SimpleCommand_CmdName_CmdSuffix",
                  [
                    "CmdName_Word",
                    [
                      "Word",
                      "echo",
                      [
                        [
                          "WordName",
                          "echo"
                        ]
                      ]
                    ]
                  ],
                  [
                    "CmdSuffix_Word",
                    [
                      "Word",
                      "`echo \"\\\\\"\"`",
                      [
                        [
                          "WordSubshell",
                          [
                            "SubShellKindBackQuote"
                          ],
                          [
                            "Program_LineBreak_CompleteCommands_LineBreak",
                            [
                              "LineBreak_Empty"
                            ],
                            [
                              "CompleteCommands_CompleteCommand",
                              [
                                "CompleteCommand_CList",
                                [
                                  "CList_AndOr",
                                  [
                                    "AndOr_Pipeline",
                                    [
                                      "Pipeline_PipeSequence",
                                      [
                                        "PipeSequence_Command",
                                        [
                                          "Command_SimpleCommand",
                                          [
                                            "SimpleCommand_CmdName_CmdSuffix",
                                            [
                                              "CmdName_Word",
                                              [
                                                "Word",
                                                "echo",
                                                [
                                                  [
                                                    "WordName",
                                                    "echo"
                                                  ]
                                                ]
                                              ]
                                            ],
                                            [
                                              "CmdSuffix_Word",
                                              [
                                                "Word",
                                                "\"\\\\\"\"",
                                                [
                                                  [
                                                    "WordDoubleQuoted",
                                                    [
                                                      "Word",
                                                      "\\\\\"",
                                                      [
                                                        [
                                                          "WordLiteral",
                                                          "\\\\\""
                                                        ]
                                                      ]
                                                    ]
                                                  ]
                                                ]
                                              ]
                                            ]
                                          ]
                                        ]
                                      ]
                                    ]
                                  ]
                                ]
                              ]
                            ],
                            [
                              "LineBreak_Empty"
                            ]
                          ]
                        ]
                      ]
                    ]
                  ]
                ]
              ]
            ]
          ]
        ]
      ]
    ]
  ],
  [
    "LineBreak_Empty"
  ]
]
