[
  "Program_LineBreak_CompleteCommands_LineBreak",
  [
    "LineBreak_Empty"
  ],
  [
    "CompleteCommands_CompleteCommands_NewlineList_CompleteCommand",
    [
      "CompleteCommands_CompleteCommands_NewlineList_CompleteCommand",
      [
        "CompleteCommands_CompleteCommands_NewlineList_CompleteCommand",
        [
          "CompleteCommands_CompleteCommands_NewlineList_CompleteCommand",
          [
            "CompleteCommands_CompleteCommands_NewlineList_CompleteCommand",
            [
              "CompleteCommands_CompleteCommands_NewlineList_CompleteCommand",
              [
                "CompleteCommands_CompleteCommands_NewlineList_CompleteCommand",
                [
                  "CompleteCommands_CompleteCommands_NewlineList_CompleteCommand",
                  [
                    "CompleteCommands_CompleteCommand",
                    [
                      "CompleteCommand_CList",
                      [
                        "CList_AndOr",
                        [
                          "AndOr_Pipeline",
                          [
                            "Pipeline_PipeSequence",
                            [
                              "PipeSequence_Command",
                              [
                                "Command_SimpleCommand",
                                [
                                  "SimpleCommand_CmdName",
                                  [
                                    "CmdName_Word",
                                    [
                                      "Word",
                                      "${#parameter}",
                                      [
                                        [
                                          "WordDoubleQuoted",
                                          [
                                            "Word",
                                            "${#parameter}",
                                            [
                                              [
                                                "WordVariable",
                                                [
                                                  "VariableAtom",
                                                  "parameter",
                                                  [
                                                    "ParameterLength"
                                                  ]
                                                ]
                                              ]
                                            ]
                                          ]
                                        ]
                                      ]
                                    ]
                                  ]
                                ]
                              ]
                            ]
                          ]
                        ]
                      ]
                    ]
                  ],
                  [
                    "NewLineList_NewLine"
                  ],
                  [
                    "CompleteCommand_CList",
                    [
                      "CList_AndOr",
                      [
                        "AndOr_Pipeline",
                        [
                          "Pipeline_PipeSequence",
                          [
                            "PipeSequence_Command",
                            [
                              "Command_SimpleCommand",
                              [
                                "SimpleCommand_CmdName",
                                [
                                  "CmdName_Word",
                                  [
                                    "Word",
                                    "${parameter:-word}",
                                    [
                                      [
                                        "WordVariable",
                                        [
                                          "VariableAtom",
                                          "parameter",
                                          [
                                            "UseDefaultValues",
                                            ":-",
                                            [
                                              "Word",
                                              "word",
                                              [
                                                [
                                                  "WordDoubleQuoted",
                                                  [
                                                    "Word",
                                                    "word",
                                                    [
                                                      [
                                                        "WordLiteral",
                                                        "word"
                                                      ]
                                                    ]
                                                  ]
                                                ]
                                              ]
                                            ]
                                          ]
                                        ]
                                      ]
                                    ]
                                  ]
                                ]
                              ]
                            ]
                          ]
                        ]
                      ]
                    ]
                  ]
                ],
                [
                  "NewLineList_NewLine"
                ],
                [
                  "CompleteCommand_CList",
                  [
                    "CList_AndOr",
                    [
                      "AndOr_Pipeline",
                      [
                        "Pipeline_PipeSequence",
                        [
                          "PipeSequence_Command",
                          [
                            "Command_SimpleCommand",
                            [
                              "SimpleCommand_CmdName",
                              [
                                "CmdName_Word",
                                [
                                  "Word",
                                  "${parameter-word}",
                                  [
                                    [
                                      "WordVariable",
                                      [
                                        "VariableAtom",
                                        "parameter",
                                        [
                                          "UseDefaultValues",
                                          "-",
                                          [
                                            "Word",
                                            "word",
                                            [
                                              [
                                                "WordDoubleQuoted",
                                                [
                                                  "Word",
                                                  "word",
                                                  [
                                                    [
                                                      "WordLiteral",
                                                      "word"
                                                    ]
                                                  ]
                                                ]
                                              ]
                                            ]
                                          ]
                                        ]
                                      ]
                                    ]
                                  ]
                                ]
                              ]
                            ]
                          ]
                        ]
                      ]
                    ]
                  ]
                ]
              ],
              [
                "NewLineList_NewLine"
              ],
              [
                "CompleteCommand_CList",
                [
                  "CList_AndOr",
                  [
                    "AndOr_Pipeline",
                    [
                      "Pipeline_PipeSequence",
                      [
                        "PipeSequence_Command",
                        [
                          "Command_SimpleCommand",
                          [
                            "SimpleCommand_CmdName",
                            [
                              "CmdName_Word",
                              [
                                "Word",
                                "${parameter:=word}",
                                [
                                  [
                                    "WordVariable",
                                    [
                                      "VariableAtom",
                                      "parameter",
                                      [
                                        "AssignDefaultValues",
                                        ":=",
                                        [
                                          "Word",
                                          "word",
                                          [
                                            [
                                              "WordDoubleQuoted",
                                              [
                                                "Word",
                                                "word",
                                                [
                                                  [
                                                    "WordLiteral",
                                                    "word"
                                                  ]
                                                ]
                                              ]
                                            ]
                                          ]
                                        ]
                                      ]
                                    ]
                                  ]
                                ]
                              ]
                            ]
                          ]
                        ]
                      ]
                    ]
                  ]
                ]
              ]
            ],
            [
              "NewLineList_NewLine"
            ],
            [
              "CompleteCommand_CList",
              [
                "CList_AndOr",
                [
                  "AndOr_Pipeline",
                  [
                    "Pipeline_PipeSequence",
                    [
                      "PipeSequence_Command",
                      [
                        "Command_SimpleCommand",
                        [
                          "SimpleCommand_CmdName",
                          [
                            "CmdName_Word",
                            [
                              "Word",
                              "${parameter=word}",
                              [
                                [
                                  "WordVariable",
                                  [
                                    "VariableAtom",
                                    "parameter",
                                    [
                                      "AssignDefaultValues",
                                      "=",
                                      [
                                        "Word",
                                        "word",
                                        [
                                          [
                                            "WordDoubleQuoted",
                                            [
                                              "Word",
                                              "word",
                                              [
                                                [
                                                  "WordLiteral",
                                                  "word"
                                                ]
                                              ]
                                            ]
                                          ]
                                        ]
                                      ]
                                    ]
                                  ]
                                ]
                              ]
                            ]
                          ]
                        ]
                      ]
                    ]
                  ]
                ]
              ]
            ]
          ],
          [
            "NewLineList_NewLine"
          ],
          [
            "CompleteCommand_CList",
            [
              "CList_AndOr",
              [
                "AndOr_Pipeline",
                [
                  "Pipeline_PipeSequence",
                  [
                    "PipeSequence_Command",
                    [
                      "Command_SimpleCommand",
                      [
                        "SimpleCommand_CmdName",
                        [
                          "CmdName_Word",
                          [
                            "Word",
                            "${parameter:?word}",
                            [
                              [
                                "WordVariable",
                                [
                                  "VariableAtom",
                                  "parameter",
                                  [
                                    "IndicateErrorifNullorUnset",
                                    ":?",
                                    [
                                      "Word",
                                      "word",
                                      [
                                        [
                                          "WordDoubleQuoted",
                                          [
                                            "Word",
                                            "word",
                                            [
                                              [
                                                "WordLiteral",
                                                "word"
                                              ]
                                            ]
                                          ]
                                        ]
                                      ]
                                    ]
                                  ]
                                ]
                              ]
                            ]
                          ]
                        ]
                      ]
                    ]
                  ]
                ]
              ]
            ]
          ]
        ],
        [
          "NewLineList_NewLine"
        ],
        [
          "CompleteCommand_CList",
          [
            "CList_AndOr",
            [
              "AndOr_Pipeline",
              [
                "Pipeline_PipeSequence",
                [
                  "PipeSequence_Command",
                  [
                    "Command_SimpleCommand",
                    [
                      "SimpleCommand_CmdName",
                      [
                        "CmdName_Word",
                        [
                          "Word",
                          "${parameter?word}",
                          [
                            [
                              "WordVariable",
                              [
                                "VariableAtom",
                                "parameter",
                                [
                                  "IndicateErrorifNullorUnset",
                                  "?",
                                  [
                                    "Word",
                                    "word",
                                    [
                                      [
                                        "WordDoubleQuoted",
                                        [
                                          "Word",
                                          "word",
                                          [
                                            [
                                              "WordLiteral",
                                              "word"
                                            ]
                                          ]
                                        ]
                                      ]
                                    ]
                                  ]
                                ]
                              ]
                            ]
                          ]
                        ]
                      ]
                    ]
                  ]
                ]
              ]
            ]
          ]
        ]
      ],
      [
        "NewLineList_NewLine"
      ],
      [
        "CompleteCommand_CList",
        [
          "CList_AndOr",
          [
            "AndOr_Pipeline",
            [
              "Pipeline_PipeSequence",
              [
                "PipeSequence_Command",
                [
                  "Command_SimpleCommand",
                  [
                    "SimpleCommand_CmdName",
                    [
                      "CmdName_Word",
                      [
                        "Word",
                        "${parameter:+word}",
                        [
                          [
                            "WordVariable",
                            [
                              "VariableAtom",
                              "parameter",
                              [
                                "UseAlternativeValue",
                                ":+",
                                [
                                  "Word",
                                  "word",
                                  [
                                    [
                                      "WordDoubleQuoted",
                                      [
                                        "Word",
                                        "word",
                                        [
                                          [
                                            "WordLiteral",
                                            "word"
                                          ]
                                        ]
                                      ]
                                    ]
                                  ]
                                ]
                              ]
                            ]
                          ]
                        ]
                      ]
                    ]
                  ]
                ]
              ]
            ]
          ]
        ]
      ]
    ],
    [
      "NewLineList_NewLine"
    ],
    [
      "CompleteCommand_CList",
      [
        "CList_AndOr",
        [
          "AndOr_Pipeline",
          [
            "Pipeline_PipeSequence",
            [
              "PipeSequence_Command",
              [
                "Command_SimpleCommand",
                [
                  "SimpleCommand_CmdName",
                  [
                    "CmdName_Word",
                    [
                      "Word",
                      "${parameter+word}",
                      [
                        [
                          "WordVariable",
                          [
                            "VariableAtom",
                            "parameter",
                            [
                              "UseAlternativeValue",
                              "+",
                              [
                                "Word",
                                "word",
                                [
                                  [
                                    "WordDoubleQuoted",
                                    [
                                      "Word",
                                      "word",
                                      [
                                        [
                                          "WordLiteral",
                                          "word"
                                        ]
                                      ]
                                    ]
                                  ]
                                ]
                              ]
                            ]
                          ]
                        ]
                      ]
                    ]
                  ]
                ]
              ]
            ]
          ]
        ]
      ]
    ]
  ],
  [
    "LineBreak_Empty"
  ]
]
