[
  "Program_LineBreak_CompleteCommands_LineBreak",
  [
    "LineBreak_Empty"
  ],
  [
    "CompleteCommands_CompleteCommands_NewlineList_CompleteCommand",
    [
      "CompleteCommands_CompleteCommand",
      [
        "CompleteCommand_CList",
        [
          "CList_AndOr",
          [
            "AndOr_Pipeline",
            [
              "Pipeline_PipeSequence",
              [
                "PipeSequence_Command",
                [
                  "Command_SimpleCommand",
                  [
                    "SimpleCommand_CmdName_CmdSuffix",
                    [
                      "CmdName_Word",
                      [
                        "Word",
                        "cat",
                        [
                          [
                            "WordName",
                            "cat"
                          ]
                        ]
                      ]
                    ],
                    [
                      "CmdSuffix_IoRedirect",
                      [
                        "IoRedirect_IoHere",
                        [
                          "IoHere_DLess_HereEnd",
                          [
                            "HereEnd_Word",
                            [
                              "Word",
                              "\"EOF1\"",
                              [
                                [
                                  "WordDoubleQuoted",
                                  [
                                    "Word",
                                    "EOF1",
                                    [
                                      [
                                        "WordLiteral",
                                        "EOF1"
                                      ]
                                    ]
                                  ]
                                ]
                              ]
                            ]
                          ],
                          [
                            "Word",
                            "\\a$\\\n",
                            [
                              [
                                "WordLiteral",
                                "\\a\\$\\\\\n"
                              ]
                            ]
                          ]
                        ]
                      ]
                    ]
                  ]
                ]
              ]
            ]
          ]
        ]
      ]
    ],
    [
      "NewLineList_NewLine"
    ],
    [
      "CompleteCommand_CList",
      [
        "CList_AndOr",
        [
          "AndOr_Pipeline",
          [
            "Pipeline_PipeSequence",
            [
              "PipeSequence_Command",
              [
                "Command_SimpleCommand",
                [
                  "SimpleCommand_CmdName_CmdSuffix",
                  [
                    "CmdName_Word",
                    [
                      "Word",
                      "cat",
                      [
                        [
                          "WordName",
                          "cat"
                        ]
                      ]
                    ]
                  ],
                  [
                    "CmdSuffix_IoRedirect",
                    [
                      "IoRedirect_IoHere",
                      [
                        "IoHere_DLess_HereEnd",
                        [
                          "HereEnd_Word",
                          [
                            "Word",
                            "EOF2",
                            [
                              [
                                "WordName",
                                "EOF2"
                              ]
                            ]
                          ]
                        ],
                        [
                          "Word",
                          "\\a\\$\\\\\n",
                          [
                            [
                              "WordLiteral",
                              "\\a\\$\\\\\n"
                            ]
                          ]
                        ]
                      ]
                    ]
                  ]
                ]
              ]
            ]
          ]
        ]
      ]
    ]
  ],
  [
    "LineBreak_Empty"
  ]
]
