[
  "Program_LineBreak_CompleteCommands_LineBreak",
  [
    "LineBreak_Empty"
  ],
  [
    "CompleteCommands_CompleteCommands_NewlineList_CompleteCommand",
    [
      "CompleteCommands_CompleteCommand",
      [
        "CompleteCommand_CList",
        [
          "CList_AndOr",
          [
            "AndOr_Pipeline",
            [
              "Pipeline_PipeSequence",
              [
                "PipeSequence_Command",
                [
                  "Command_SimpleCommand",
                  [
                    "SimpleCommand_CmdName_CmdSuffix",
                    [
                      "CmdName_Word",
                      [
                        "Word",
                        "cat",
                        [
                          [
                            "WordName",
                            "cat"
                          ]
                        ]
                      ]
                    ],
                    [
                      "CmdSuffix_IoRedirect",
                      [
                        "IoRedirect_IoHere",
                        [
                          "IoHere_DLess_HereEnd",
                          [
                            "HereEnd_Word",
                            [
                              "Word",
                              "'  TEST  '",
                              [
                                [
                                  "WordSingleQuoted",
                                  [
                                    "Word",
                                    "  TEST  ",
                                    [
                                      [
                                        "WordLiteral",
                                        "  TEST  "
                                      ]
                                    ]
                                  ]
                                ]
                              ]
                            ]
                          ],
                          [
                            "Word",
                            "a\nb\n  TEST\nTEST  \na\n",
                            [
                              [
                                "WordLiteral",
                                "a\nb\n  TEST\nTEST  \na\n"
                              ]
                            ]
                          ]
                        ]
                      ]
                    ]
                  ]
                ]
              ]
            ]
          ]
        ]
      ]
    ],
    [
      "NewLineList_NewLine"
    ],
    [
      "CompleteCommand_CList",
      [
        "CList_AndOr",
        [
          "AndOr_Pipeline",
          [
            "Pipeline_PipeSequence",
            [
              "PipeSequence_Command",
              [
                "Command_SimpleCommand",
                [
                  "SimpleCommand_CmdName",
                  [
                    "CmdName_Word",
                    [
                      "Word",
                      "a",
                      [
                        [
                          "WordName",
                          "a"
                        ]
                      ]
                    ]
                  ]
                ]
              ]
            ]
          ]
        ]
      ]
    ]
  ],
  [
    "LineBreak_Empty"
  ]
]
