[
  "Program_LineBreak_CompleteCommands_LineBreak",
  [
    "LineBreak_Empty"
  ],
  [
    "CompleteCommands_CompleteCommand",
    [
      "CompleteCommand_CList",
      [
        "CList_AndOr",
        [
          "AndOr_Pipeline",
          [
            "Pipeline_PipeSequence",
            [
              "PipeSequence_Command",
              [
                "Command_CompoundCommand_RedirectList",
                [
                  "CompoundCommand_ForClause",
                  [
                    "ForClause_For_Name_LineBreak_In_WordList_SequentialSep_DoGroup",
                    [
                      "Name",
                      "i"
                    ],
                    [
                      "LineBreak_Empty"
                    ],
                    [
                      "WordList_WordList_Word",
                      [
                        "WordList_Word",
                        [
                          "Word",
                          "foo",
                          [
                            [
                              "WordName",
                              "foo"
                            ]
                          ]
                        ]
                      ],
                      [
                        "Word",
                        "bar",
                        [
                          [
                            "WordName",
                            "bar"
                          ]
                        ]
                      ]
                    ],
                    [
                      "SequentialSep_Semicolon_LineBreak",
                      [
                        "LineBreak_Empty"
                      ]
                    ],
                    [
                      "DoGroup_Do_CompoundList_Done",
                      [
                        "CompoundList_LineBreak_Term_Separator",
                        [
                          "LineBreak_Empty"
                        ],
                        [
                          "Term_AndOr",
                          [
                            "AndOr_Pipeline",
                            [
                              "Pipeline_PipeSequence",
                              [
                                "PipeSequence_Command",
                                [
                                  "Command_SimpleCommand",
                                  [
                                    "SimpleCommand_CmdName_CmdSuffix",
                                    [
                                      "CmdName_Word",
                                      [
                                        "Word",
                                        "echo",
                                        [
                                          [
                                            "WordName",
                                            "echo"
                                          ]
                                        ]
                                      ]
                                    ],
                                    [
                                      "CmdSuffix_Word",
                                      [
                                        "Word",
                                        "$i",
                                        [
                                          [
                                            "WordVariable",
                                            [
                                              "VariableAtom",
                                              "i",
                                              [
                                                "NoAttribute"
                                              ]
                                            ]
                                          ]
                                        ]
                                      ]
                                    ]
                                  ]
                                ]
                              ]
                            ]
                          ]
                        ],
                        [
                          "Separator_SeparatorOp_LineBreak",
                          [
                            "SeparatorOp_Semicolon"
                          ],
                          [
                            "LineBreak_Empty"
                          ]
                        ]
                      ]
                    ]
                  ]
                ],
                [
                  "RedirectList_IoRedirect",
                  [
                    "IoRedirect_IoHere",
                    [
                      "IoHere_DLess_HereEnd",
                      [
                        "HereEnd_Word",
                        [
                          "Word",
                          "DATA",
                          [
                            [
                              "WordName",
                              "DATA"
                            ]
                          ]
                        ]
                      ],
                      [
                        "Word",
                        "foo\n",
                        [
                          [
                            "WordLiteral",
                            "foo\n"
                          ]
                        ]
                      ]
                    ]
                  ]
                ]
              ]
            ]
          ]
        ]
      ]
    ]
  ],
  [
    "LineBreak_Empty"
  ]
]
