[
  "Program_LineBreak_CompleteCommands_LineBreak",
  [
    "LineBreak_Empty"
  ],
  [
    "CompleteCommands_CompleteCommand",
    [
      "CompleteCommand_CList",
      [
        "CList_AndOr",
        [
          "AndOr_Pipeline",
          [
            "Pipeline_PipeSequence",
            [
              "PipeSequence_Command",
              [
                "Command_CompoundCommand",
                [
                  "CompoundCommand_IfClause",
                  [
                    "IfClause_If_CompoundList_Then_CompoundList_Fi",
                    [
                      "CompoundList_LineBreak_Term_Separator",
                      [
                        "LineBreak_Empty"
                      ],
                      [
                        "Term_AndOr",
                        [
                          "AndOr_Pipeline",
                          [
                            "Pipeline_PipeSequence",
                            [
                              "PipeSequence_Command",
                              [
                                "Command_SimpleCommand",
                                [
                                  "SimpleCommand_CmdName",
                                  [
                                    "CmdName_Word",
                                    [
                                      "Word",
                                      "true",
                                      [
                                        [
                                          "WordName",
                                          "true"
                                        ]
                                      ]
                                    ]
                                  ]
                                ]
                              ]
                            ]
                          ]
                        ]
                      ],
                      [
                        "Separator_NewLineList",
                        [
                          "NewLineList_NewLine"
                        ]
                      ]
                    ],
                    [
                      "CompoundList_LineBreak_Term_Separator",
                      [
                        "LineBreak_Empty"
                      ],
                      [
                        "Term_AndOr",
                        [
                          "AndOr_Pipeline",
                          [
                            "Pipeline_PipeSequence",
                            [
                              "PipeSequence_Command",
                              [
                                "Command_SimpleCommand",
                                [
                                  "SimpleCommand_CmdName_CmdSuffix",
                                  [
                                    "CmdName_Word",
                                    [
                                      "Word",
                                      "cat",
                                      [
                                        [
                                          "WordName",
                                          "cat"
                                        ]
                                      ]
                                    ]
                                  ],
                                  [
                                    "CmdSuffix_IoRedirect",
                                    [
                                      "IoRedirect_IoHere",
                                      [
                                        "IoHere_DLess_HereEnd",
                                        [
                                          "HereEnd_Word",
                                          [
                                            "Word",
                                            "'E'\"O\"\\F",
                                            [
                                              [
                                                "WordSingleQuoted",
                                                [
                                                  "Word",
                                                  "E",
                                                  [
                                                    [
                                                      "WordLiteral",
                                                      "E"
                                                    ]
                                                  ]
                                                ]
                                              ],
                                              [
                                                "WordDoubleQuoted",
                                                [
                                                  "Word",
                                                  "O",
                                                  [
                                                    [
                                                      "WordLiteral",
                                                      "O"
                                                    ]
                                                  ]
                                                ]
                                              ],
                                              [
                                                "WordLiteral",
                                                "\\F"
                                              ]
                                            ]
                                          ]
                                        ],
                                        [
                                          "Word",
                                          "Here document not expanded, may be unbalanced ' \" $(\nand a backslash at the end of the line is NOT removed \\\n",
                                          [
                                            [
                                              "WordLiteral",
                                              "Here document not expanded, may be unbalanced ' \" $(\nand a backslash at the end of the line is NOT removed \\\n"
                                            ]
                                          ]
                                        ]
                                      ]
                                    ]
                                  ]
                                ]
                              ]
                            ]
                          ]
                        ]
                      ],
                      [
                        "Separator_NewLineList",
                        [
                          "NewLineList_NewLine"
                        ]
                      ]
                    ]
                  ]
                ]
              ]
            ]
          ]
        ]
      ]
    ]
  ],
  [
    "LineBreak_Empty"
  ]
]
