[
  "Program_LineBreak_CompleteCommands_LineBreak",
  [
    "LineBreak_Empty"
  ],
  [
    "CompleteCommands_CompleteCommand",
    [
      "CompleteCommand_CList",
      [
        "CList_AndOr",
        [
          "AndOr_Pipeline",
          [
            "Pipeline_PipeSequence",
            [
              "PipeSequence_Command",
              [
                "Command_FunctionDefinition",
                [
                  "FunctionDefinition_Fname_Lparen_Rparen_LineBreak_FunctionBody",
                  [
                    "Fname_Name",
                    [
                      "Name",
                      "a"
                    ]
                  ],
                  [
                    "LineBreak_Empty"
                  ],
                  [
                    "FunctionBody_CompoundCommand",
                    [
                      "CompoundCommand_Subshell",
                      [
                        "Subshell_Lparen_CompoundList_Rparen",
                        [
                          "CompoundList_LineBreak_Term",
                          [
                            "LineBreak_Empty"
                          ],
                          [
                            "Term_AndOr",
                            [
                              "AndOr_Pipeline",
                              [
                                "Pipeline_PipeSequence",
                                [
                                  "PipeSequence_Command",
                                  [
                                    "Command_SimpleCommand",
                                    [
                                      "SimpleCommand_CmdName",
                                      [
                                        "CmdName_Word",
                                        [
                                          "Word",
                                          "b",
                                          [
                                            [
                                              "WordName",
                                              "b"
                                            ]
                                          ]
                                        ]
                                      ]
                                    ]
                                  ]
                                ]
                              ]
                            ]
                          ]
                        ]
                      ]
                    ]
                  ]
                ]
              ]
            ]
          ]
        ]
      ]
    ]
  ],
  [
    "LineBreak_Empty"
  ]
]
