[
  [
    "CompleteCommand_CList",
    [
      "CList_AndOr",
      [
        "AndOr_Pipeline",
        [
          "Pipeline_PipeSequence",
          [
            "PipeSequence_Command",
            [
              "Command_SimpleCommand",
              [
                "SimpleCommand_CmdName",
                [
                  "CmdName_Word",
                  [
                    "Word",
                    "alias"
                  ]
                ]
              ]
            ]
          ]
        ]
      ]
    ]
  ]
]
