[
  "Program_LineBreak_CompleteCommands_LineBreak",
  [
    "LineBreak_Empty"
  ],
  [
    "CompleteCommands_CompleteCommand",
    [
      "CompleteCommand_CList",
      [
        "CList_AndOr",
        [
          "AndOr_Pipeline",
          [
            "Pipeline_PipeSequence",
            [
              "PipeSequence_Command",
              [
                "Command_CompoundCommand",
                [
                  "CompoundCommand_ForClause",
                  [
                    "ForClause_For_Name_LineBreak_In_WordList_SequentialSep_DoGroup",
                    [
                      "Name",
                      "i"
                    ],
                    [
                      "LineBreak_Empty"
                    ],
                    [
                      "WordList_WordList_Word",
                      [
                        "WordList_WordList_Word",
                        [
                          "WordList_Word",
                          [
                            "Word",
                            "a",
                            [
                              [
                                "WordName",
                                "a"
                              ]
                            ]
                          ]
                        ],
                        [
                          "Word",
                          "b",
                          [
                            [
                              "WordName",
                              "b"
                            ]
                          ]
                        ]
                      ],
                      [
                        "Word",
                        "c",
                        [
                          [
                            "WordName",
                            "c"
                          ]
                        ]
                      ]
                    ],
                    [
                      "SequentialSep_Semicolon_LineBreak",
                      [
                        "LineBreak_Empty"
                      ]
                    ],
                    [
                      "DoGroup_Do_CompoundList_Done",
                      [
                        "CompoundList_LineBreak_Term_Separator",
                        [
                          "LineBreak_Empty"
                        ],
                        [
                          "Term_AndOr",
                          [
                            "AndOr_Pipeline",
                            [
                              "Pipeline_PipeSequence",
                              [
                                "PipeSequence_Command",
                                [
                                  "Command_SimpleCommand",
                                  [
                                    "SimpleCommand_CmdName",
                                    [
                                      "CmdName_Word",
                                      [
                                        "Word",
                                        "echo",
                                        [
                                          [
                                            "WordName",
                                            "echo"
                                          ]
                                        ]
                                      ]
                                    ]
                                  ]
                                ]
                              ]
                            ]
                          ]
                        ],
                        [
                          "Separator_SeparatorOp_LineBreak",
                          [
                            "SeparatorOp_Semicolon"
                          ],
                          [
                            "LineBreak_Empty"
                          ]
                        ]
                      ]
                    ]
                  ]
                ]
              ]
            ]
          ]
        ]
      ]
    ]
  ],
  [
    "LineBreak_Empty"
  ]
]
