[
  "Program_LineBreak_CompleteCommands_LineBreak",
  [
    "LineBreak_Empty"
  ],
  [
    "CompleteCommands_CompleteCommand",
    [
      "CompleteCommand_CList",
      [
        "CList_AndOr",
        [
          "AndOr_Pipeline",
          [
            "Pipeline_PipeSequence",
            [
              "PipeSequence_Command",
              [
                "Command_CompoundCommand",
                [
                  "CompoundCommand_ForClause",
                  [
                    "ForClause_For_Name_LineBreak_In_WordList_SequentialSep_DoGroup",
                    [
                      "Name",
                      "i"
                    ],
                    [
                      "LineBreak_Empty"
                    ],
                    [
                      "WordList_Word",
                      [
                        "Word",
                        "$(a b c)",
                        [
                          [
                            "WordSubshell",
                            [
                              "SubShellKindParentheses"
                            ],
                            [
                              "Program_LineBreak_CompleteCommands_LineBreak",
                              [
                                "LineBreak_Empty"
                              ],
                              [
                                "CompleteCommands_CompleteCommand",
                                [
                                  "CompleteCommand_CList",
                                  [
                                    "CList_AndOr",
                                    [
                                      "AndOr_Pipeline",
                                      [
                                        "Pipeline_PipeSequence",
                                        [
                                          "PipeSequence_Command",
                                          [
                                            "Command_SimpleCommand",
                                            [
                                              "SimpleCommand_CmdName_CmdSuffix",
                                              [
                                                "CmdName_Word",
                                                [
                                                  "Word",
                                                  "a",
                                                  [
                                                    [
                                                      "WordName",
                                                      "a"
                                                    ]
                                                  ]
                                                ]
                                              ],
                                              [
                                                "CmdSuffix_CmdSuffix_Word",
                                                [
                                                  "CmdSuffix_Word",
                                                  [
                                                    "Word",
                                                    "b",
                                                    [
                                                      [
                                                        "WordName",
                                                        "b"
                                                      ]
                                                    ]
                                                  ]
                                                ],
                                                [
                                                  "Word",
                                                  "c",
                                                  [
                                                    [
                                                      "WordName",
                                                      "c"
                                                    ]
                                                  ]
                                                ]
                                              ]
                                            ]
                                          ]
                                        ]
                                      ]
                                    ]
                                  ]
                                ]
                              ],
                              [
                                "LineBreak_Empty"
                              ]
                            ]
                          ]
                        ]
                      ]
                    ],
                    [
                      "SequentialSep_NewLineList",
                      [
                        "NewLineList_NewLine"
                      ]
                    ],
                    [
                      "DoGroup_Do_CompoundList_Done",
                      [
                        "CompoundList_LineBreak_Term_Separator",
                        [
                          "LineBreak_NewLineList",
                          [
                            "NewLineList_NewLine"
                          ]
                        ],
                        [
                          "Term_AndOr",
                          [
                            "AndOr_Pipeline",
                            [
                              "Pipeline_PipeSequence",
                              [
                                "PipeSequence_Command",
                                [
                                  "Command_SimpleCommand",
                                  [
                                    "SimpleCommand_CmdName",
                                    [
                                      "CmdName_Word",
                                      [
                                        "Word",
                                        "echo",
                                        [
                                          [
                                            "WordName",
                                            "echo"
                                          ]
                                        ]
                                      ]
                                    ]
                                  ]
                                ]
                              ]
                            ]
                          ]
                        ],
                        [
                          "Separator_SeparatorOp_LineBreak",
                          [
                            "SeparatorOp_Semicolon"
                          ],
                          [
                            "LineBreak_Empty"
                          ]
                        ]
                      ]
                    ]
                  ]
                ]
              ]
            ]
          ]
        ]
      ]
    ]
  ],
  [
    "LineBreak_Empty"
  ]
]
