[
  "Program_LineBreak_CompleteCommands_LineBreak",
  [
    "LineBreak_Empty"
  ],
  [
    "CompleteCommands_CompleteCommand",
    [
      "CompleteCommand_CList",
      [
        "CList_AndOr",
        [
          "AndOr_Pipeline",
          [
            "Pipeline_PipeSequence",
            [
              "PipeSequence_Command",
              [
                "Command_CompoundCommand_RedirectList",
                [
                  "CompoundCommand_Subshell",
                  [
                    "Subshell_Lparen_CompoundList_Rparen",
                    [
                      "CompoundList_LineBreak_Term_Separator",
                      [
                        "LineBreak_NewLineList",
                        [
                          "NewLineList_NewLine"
                        ]
                      ],
                      [
                        "Term_AndOr",
                        [
                          "AndOr_Pipeline",
                          [
                            "Pipeline_PipeSequence",
                            [
                              "PipeSequence_Command",
                              [
                                "Command_CompoundCommand",
                                [
                                  "CompoundCommand_WhileClause",
                                  [
                                    "WhileClause_While_CompoundList_DoGroup",
                                    [
                                      "CompoundList_LineBreak_Term_Separator",
                                      [
                                        "LineBreak_Empty"
                                      ],
                                      [
                                        "Term_AndOr",
                                        [
                                          "AndOr_Pipeline",
                                          [
                                            "Pipeline_PipeSequence",
                                            [
                                              "PipeSequence_Command",
                                              [
                                                "Command_SimpleCommand",
                                                [
                                                  "SimpleCommand_CmdName_CmdSuffix",
                                                  [
                                                    "CmdName_Word",
                                                    [
                                                      "Word",
                                                      "read",
                                                      [
                                                        [
                                                          "WordName",
                                                          "read"
                                                        ]
                                                      ]
                                                    ]
                                                  ],
                                                  [
                                                    "CmdSuffix_Word",
                                                    [
                                                      "Word",
                                                      "dir",
                                                      [
                                                        [
                                                          "WordName",
                                                          "dir"
                                                        ]
                                                      ]
                                                    ]
                                                  ]
                                                ]
                                              ]
                                            ]
                                          ]
                                        ]
                                      ],
                                      [
                                        "Separator_SeparatorOp_LineBreak",
                                        [
                                          "SeparatorOp_Semicolon"
                                        ],
                                        [
                                          "LineBreak_Empty"
                                        ]
                                      ]
                                    ],
                                    [
                                      "DoGroup_Do_CompoundList_Done",
                                      [
                                        "CompoundList_LineBreak_Term_Separator",
                                        [
                                          "LineBreak_Empty"
                                        ],
                                        [
                                          "Term_AndOr",
                                          [
                                            "AndOr_Pipeline",
                                            [
                                              "Pipeline_PipeSequence",
                                              [
                                                "PipeSequence_Command",
                                                [
                                                  "Command_SimpleCommand",
                                                  [
                                                    "SimpleCommand_CmdName_CmdSuffix",
                                                    [
                                                      "CmdName_Word",
                                                      [
                                                        "Word",
                                                        "rmdir",
                                                        [
                                                          [
                                                            "WordName",
                                                            "rmdir"
                                                          ]
                                                        ]
                                                      ]
                                                    ],
                                                    [
                                                      "CmdSuffix_Word",
                                                      [
                                                        "Word",
                                                        "\"$dir\"",
                                                        [
                                                          [
                                                            "WordDoubleQuoted",
                                                            [
                                                              "Word",
                                                              "$dir",
                                                              [
                                                                [
                                                                  "WordVariable",
                                                                  [
                                                                    "VariableAtom",
                                                                    "dir",
                                                                    [
                                                                      "NoAttribute"
                                                                    ]
                                                                  ]
                                                                ]
                                                              ]
                                                            ]
                                                          ]
                                                        ]
                                                      ]
                                                    ]
                                                  ]
                                                ]
                                              ]
                                            ]
                                          ]
                                        ],
                                        [
                                          "Separator_SeparatorOp_LineBreak",
                                          [
                                            "SeparatorOp_Semicolon"
                                          ],
                                          [
                                            "LineBreak_Empty"
                                          ]
                                        ]
                                      ]
                                    ]
                                  ]
                                ]
                              ]
                            ]
                          ]
                        ]
                      ],
                      [
                        "Separator_NewLineList",
                        [
                          "NewLineList_NewLine"
                        ]
                      ]
                    ]
                  ]
                ],
                [
                  "RedirectList_IoRedirect",
                  [
                    "IoRedirect_IoHere",
                    [
                      "IoHere_DLess_HereEnd",
                      [
                        "HereEnd_Word",
                        [
                          "Word",
                          "DATA",
                          [
                            [
                              "WordName",
                              "DATA"
                            ]
                          ]
                        ]
                      ],
                      [
                        "Word",
                        "/usr/local/share/cacti/scripts\n",
                        [
                          [
                            "WordLiteral",
                            "/usr/local/share/cacti/scripts\n"
                          ]
                        ]
                      ]
                    ]
                  ]
                ]
              ]
            ]
          ]
        ]
      ]
    ]
  ],
  [
    "LineBreak_Empty"
  ]
]
