[
  "Program_LineBreak_CompleteCommands_LineBreak",
  [
    "LineBreak_Empty"
  ],
  [
    "CompleteCommands_CompleteCommand",
    [
      "CompleteCommand_CList",
      [
        "CList_AndOr",
        [
          "AndOr_Pipeline",
          [
            "Pipeline_PipeSequence",
            [
              "PipeSequence_Command",
              [
                "Command_CompoundCommand",
                [
                  "CompoundCommand_ForClause",
                  [
                    "ForClause_For_Name_SequentialSep_DoGroup",
                    [
                      "Name",
                      "i"
                    ],
                    [
                      "SequentialSep_Semicolon_LineBreak",
                      [
                        "LineBreak_Empty"
                      ]
                    ],
                    [
                      "DoGroup_Do_CompoundList_Done",
                      [
                        "CompoundList_LineBreak_Term_Separator",
                        [
                          "LineBreak_NewLineList",
                          [
                            "NewLineList_NewLine"
                          ]
                        ],
                        [
                          "Term_AndOr",
                          [
                            "AndOr_Pipeline",
                            [
                              "Pipeline_PipeSequence",
                              [
                                "PipeSequence_Command",
                                [
                                  "Command_SimpleCommand",
                                  [
                                    "SimpleCommand_CmdName",
                                    [
                                      "CmdName_Word",
                                      [
                                        "Word",
                                        "echo",
                                        [
                                          [
                                            "WordName",
                                            "echo"
                                          ]
                                        ]
                                      ]
                                    ]
                                  ]
                                ]
                              ]
                            ]
                          ]
                        ],
                        [
                          "Separator_NewLineList",
                          [
                            "NewLineList_NewLine"
                          ]
                        ]
                      ]
                    ]
                  ]
                ]
              ]
            ]
          ]
        ]
      ]
    ]
  ],
  [
    "LineBreak_Empty"
  ]
]
