[
  "Program_LineBreak_CompleteCommands_LineBreak",
  [
    "LineBreak_Empty"
  ],
  [
    "CompleteCommands_CompleteCommands_NewlineList_CompleteCommand",
    [
      "CompleteCommands_CompleteCommand",
      [
        "CompleteCommand_CList",
        [
          "CList_AndOr",
          [
            "AndOr_Pipeline",
            [
              "Pipeline_PipeSequence",
              [
                "PipeSequence_Command",
                [
                  "Command_SimpleCommand",
                  [
                    "SimpleCommand_CmdName_CmdSuffix",
                    [
                      "CmdName_Word",
                      [
                        "Word",
                        "alias",
                        [
                          [
                            "WordName",
                            "alias"
                          ]
                        ]
                      ]
                    ],
                    [
                      "CmdSuffix_Word",
                      [
                        "Word",
                        "ls='ls -h -t -l'",
                        [
                          [
                            "WordLiteral",
                            "ls="
                          ],
                          [
                            "WordSingleQuoted",
                            [
                              "Word",
                              "ls -h -t -l",
                              [
                                [
                                  "WordLiteral",
                                  "ls -h -t -l"
                                ]
                              ]
                            ]
                          ]
                        ]
                      ]
                    ]
                  ]
                ]
              ]
            ]
          ]
        ]
      ]
    ],
    [
      "NewLineList_NewLine"
    ],
    [
      "CompleteCommand_CList",
      [
        "CList_AndOr",
        [
          "AndOr_Pipeline",
          [
            "Pipeline_PipeSequence",
            [
              "PipeSequence_Command",
              [
                "Command_SimpleCommand",
                [
                  "SimpleCommand_CmdName",
                  [
                    "CmdName_Word",
                    [
                      "Word",
                      "'ls -h -t -l'",
                      [
                        [
                          "WordLiteral",
                          "'ls -h -t -l'"
                        ]
                      ]
                    ]
                  ]
                ]
              ]
            ]
          ]
        ]
      ]
    ]
  ],
  [
    "LineBreak_Empty"
  ]
]
